# Linker from QuIC LLVM Hexagon Clang version Version 8.3.07
# Linker based on LLVM version: 7.0
# Notable linker command/script options:
# CPU Architecture Version: hexagonv66
# Target triple environment for the link: unknown
# Maximum GP size: 0
# Link type: Dynamic and Bsymbolic set
# ABI Page Size: 0x1000
# CommandLine : /data2/xudaliang/projects/Qualcomm-environment/Hexagon_SDK/3.5.2/tools/HEXAGON_Tools/8.3.07/Tools/bin/hexagon-link -z relro --hash-style=sysv -march=hexagon -mcpu=hexagonv66 -shared -call_shared -G0 -o hexagon_Release_dynamic_toolv83_v66/libhexagon_nn_skel.so /data2/xudaliang/projects/Qualcomm-environment/Hexagon_SDK/3.5.2/tools/HEXAGON_Tools/8.3.07/Tools/bin/../target/hexagon/lib/v66/G0/pic/initS.o -L/data2/xudaliang/projects/Qualcomm-environment/Hexagon_SDK/3.5.2/tools/HEXAGON_Tools/8.3.07/Tools/bin/../target/hexagon/lib/v66/G0/pic -L/data2/xudaliang/projects/Qualcomm-environment/Hexagon_SDK/3.5.2/tools/HEXAGON_Tools/8.3.07/Tools/bin/../target/hexagon/lib/v66/G0 -L/data2/xudaliang/projects/Qualcomm-environment/Hexagon_SDK/3.5.2/tools/HEXAGON_Tools/8.3.07/Tools/bin/../target/hexagon/lib/v66 -L/data2/xudaliang/projects/Qualcomm-environment/Hexagon_SDK/3.5.2/tools/HEXAGON_Tools/8.3.07/Tools/bin/../target/hexagon/lib --no-threads -Bsymbolic --wrap=malloc --wrap=calloc --wrap=free --wrap=realloc --wrap=memalign --wrap=__stack_chk_fail -lc -Map=hexagon_Release_dynamic_toolv83_v66/libhexagon_nn_skel.so.map -soname=libhexagon_nn_skel.so --start-group hexagon_Release_dynamic_toolv83_v66/hexagon_nn_skel.o hexagon_Release_dynamic_toolv83_v66/hexagon_nn_domains_skel.o hexagon_Release_dynamic_toolv83_v66/find_node.o hexagon_Release_dynamic_toolv83_v66/scratch.o hexagon_Release_dynamic_toolv83_v66/allocate.o hexagon_Release_dynamic_toolv83_v66/execute.o hexagon_Release_dynamic_toolv83_v66/interface.o hexagon_Release_dynamic_toolv83_v66/errstats.o hexagon_Release_dynamic_toolv83_v66/log.o hexagon_Release_dynamic_toolv83_v66/newnode.o hexagon_Release_dynamic_toolv83_v66/im2col_full.o hexagon_Release_dynamic_toolv83_v66/pprint.o hexagon_Release_dynamic_toolv83_v66/prepare.o hexagon_Release_dynamic_toolv83_v66/string_map.o hexagon_Release_dynamic_toolv83_v66/broadcast.o hexagon_Release_dynamic_toolv83_v66/tensor.o hexagon_Release_dynamic_toolv83_v66/perfinfo.o hexagon_Release_dynamic_toolv83_v66/graphops.o hexagon_Release_dynamic_toolv83_v66/const_prep_share.o hexagon_Release_dynamic_toolv83_v66/hmaxpool_d32.o hexagon_Release_dynamic_toolv83_v66/argminmax.o hexagon_Release_dynamic_toolv83_v66/nn_os.o hexagon_Release_dynamic_toolv83_v66/nn_os_qurt.o hexagon_Release_dynamic_toolv83_v66/nn_os_h2.o hexagon_Release_dynamic_toolv83_v66/nn_os_posix.o hexagon_Release_dynamic_toolv83_v66/nn_os_linux.o hexagon_Release_dynamic_toolv83_v66/graphcheck.o hexagon_Release_dynamic_toolv83_v66/graph_options.o hexagon_Release_dynamic_toolv83_v66/nn_pipe_portable.o hexagon_Release_dynamic_toolv83_v66/pad2d.o hexagon_Release_dynamic_toolv83_v66/im2col_o.o hexagon_Release_dynamic_toolv83_v66/incopy_expand4.o hexagon_Release_dynamic_toolv83_v66/integral_control.o hexagon_Release_dynamic_toolv83_v66/integral_buffer.o hexagon_Release_dynamic_toolv83_v66/gentranspose.o hexagon_Release_dynamic_toolv83_v66/bulk_transpose.o hexagon_Release_dynamic_toolv83_v66/shape_util.o hexagon_Release_dynamic_toolv83_v66/hvx_constants.o hexagon_Release_dynamic_toolv83_v66/quantize.o hexagon_Release_dynamic_toolv83_v66/supernode_procweights.o hexagon_Release_dynamic_toolv83_v66/transpose_conv_procweights.o hexagon_Release_dynamic_toolv83_v66/qf16.o hexagon_Release_dynamic_toolv83_v66/oper16.o hexagon_Release_dynamic_toolv83_v66/tensor_copy_scaled.o hexagon_Release_dynamic_toolv83_v66/metanode_lens_lstm.o hexagon_Release_dynamic_toolv83_v66/nn_os_portable.o hexagon_Release_dynamic_toolv83_v66/expand_transpose_conv_nodes.o hexagon_Release_dynamic_toolv83_v66/prepare_utils.o hexagon_Release_dynamic_toolv83_v66/graph_looping.o hexagon_Release_dynamic_toolv83_v66/data_utils.o hexagon_Release_dynamic_toolv83_v66/expand_grouped_conv_nodes.o hexagon_Release_dynamic_toolv83_v66/expand_dilated_conv_nodes.o hexagon_Release_dynamic_toolv83_v66/dwconv2dbbb_c.o hexagon_Release_dynamic_toolv83_v66/dwconv2dhhh_c.o hexagon_Release_dynamic_toolv83_v66/nn_pqueue.o hexagon_Release_dynamic_toolv83_v66/op_resizebilinear.o hexagon_Release_dynamic_toolv83_v66/op_resizebilinear_d32.o hexagon_Release_dynamic_toolv83_v66/op_batchspace.o hexagon_Release_dynamic_toolv83_v66/op_batchnorm_d32.o hexagon_Release_dynamic_toolv83_v66/op_batchseqconf.o hexagon_Release_dynamic_toolv83_v66/op_depthspace.o hexagon_Release_dynamic_toolv83_v66/op_depthspace_d32.o hexagon_Release_dynamic_toolv83_v66/op_prelu_d32.o hexagon_Release_dynamic_toolv83_v66/op_sink.o hexagon_Release_dynamic_toolv83_v66/op_avgpool_d32.o hexagon_Release_dynamic_toolv83_v66/op_concat_d32.o hexagon_Release_dynamic_toolv83_v66/op_concat16_d32.o hexagon_Release_dynamic_toolv83_v66/op_maxpool_d32.o hexagon_Release_dynamic_toolv83_v66/op_convert_d32.o hexagon_Release_dynamic_toolv83_v66/op_supernode_new.o hexagon_Release_dynamic_toolv83_v66/op_pad.o hexagon_Release_dynamic_toolv83_v66/op_pad_d32.o hexagon_Release_dynamic_toolv83_v66/op_deconv.o hexagon_Release_dynamic_toolv83_v66/op_deconv_f.o hexagon_Release_dynamic_toolv83_v66/op_pad2d_frame.o hexagon_Release_dynamic_toolv83_v66/op_logsoftmax.o hexagon_Release_dynamic_toolv83_v66/op_expanddims.o hexagon_Release_dynamic_toolv83_v66/op_stridedslice.o hexagon_Release_dynamic_toolv83_v66/op_resizenear.o hexagon_Release_dynamic_toolv83_v66/op_resizeunitsquare_f.o hexagon_Release_dynamic_toolv83_v66/op_resizeunitsquare.o hexagon_Release_dynamic_toolv83_v66/op_mirrorpad.o hexagon_Release_dynamic_toolv83_v66/op_mirrorpad_d32.o hexagon_Release_dynamic_toolv83_v66/op_add.o hexagon_Release_dynamic_toolv83_v66/op_add_d32.o hexagon_Release_dynamic_toolv83_v66/op_prod_f.o hexagon_Release_dynamic_toolv83_v66/op_mul.o hexagon_Release_dynamic_toolv83_v66/op_pack.o hexagon_Release_dynamic_toolv83_v66/op_unpack.o hexagon_Release_dynamic_toolv83_v66/op_shape.o hexagon_Release_dynamic_toolv83_v66/op_sum.o hexagon_Release_dynamic_toolv83_v66/op_bitwise.o hexagon_Release_dynamic_toolv83_v66/op_avgpool.o hexagon_Release_dynamic_toolv83_v66/op_biasadd.o hexagon_Release_dynamic_toolv83_v66/op_chanshuffle.o hexagon_Release_dynamic_toolv83_v66/op_chanshuffle_d32.o hexagon_Release_dynamic_toolv83_v66/op_check.o hexagon_Release_dynamic_toolv83_v66/op_close.o hexagon_Release_dynamic_toolv83_v66/op_close_d32.o hexagon_Release_dynamic_toolv83_v66/op_close_16.o hexagon_Release_dynamic_toolv83_v66/op_convert_16.o hexagon_Release_dynamic_toolv83_v66/op_concat.o hexagon_Release_dynamic_toolv83_v66/op_const.o hexagon_Release_dynamic_toolv83_v66/op_conv2d.o hexagon_Release_dynamic_toolv83_v66/op_flatten.o hexagon_Release_dynamic_toolv83_v66/op_input.o hexagon_Release_dynamic_toolv83_v66/op_matmul.o hexagon_Release_dynamic_toolv83_v66/op_maxpool.o hexagon_Release_dynamic_toolv83_v66/op_minmax.o hexagon_Release_dynamic_toolv83_v66/op_minimum_maximum.o hexagon_Release_dynamic_toolv83_v66/op_softmax.o hexagon_Release_dynamic_toolv83_v66/op_nop.o hexagon_Release_dynamic_toolv83_v66/op_output.o hexagon_Release_dynamic_toolv83_v66/op_pprint.o hexagon_Release_dynamic_toolv83_v66/op_prefree.o hexagon_Release_dynamic_toolv83_v66/op_quantize.o hexagon_Release_dynamic_toolv83_v66/op_relu.o hexagon_Release_dynamic_toolv83_v66/op_requantize.o hexagon_Release_dynamic_toolv83_v66/op_supernode.o hexagon_Release_dynamic_toolv83_v66/op_avgpool_f.o hexagon_Release_dynamic_toolv83_v66/op_biasadd_f.o hexagon_Release_dynamic_toolv83_v66/op_concat_f.o hexagon_Release_dynamic_toolv83_v66/op_conv2d_f.o hexagon_Release_dynamic_toolv83_v66/op_matmul_f.o hexagon_Release_dynamic_toolv83_v66/op_matmul_16.o hexagon_Release_dynamic_toolv83_v66/op_maxpool_f.o hexagon_Release_dynamic_toolv83_v66/op_relu_f.o hexagon_Release_dynamic_toolv83_v66/op_softmax_f.o hexagon_Release_dynamic_toolv83_v66/op_softmax_d32.o hexagon_Release_dynamic_toolv83_v66/op_lrn.o hexagon_Release_dynamic_toolv83_v66/op_lrn_f.o hexagon_Release_dynamic_toolv83_v66/op_lrn_d32.o hexagon_Release_dynamic_toolv83_v66/op_variable.o hexagon_Release_dynamic_toolv83_v66/op_reshape.o hexagon_Release_dynamic_toolv83_v66/op_slice.o hexagon_Release_dynamic_toolv83_v66/op_split.o hexagon_Release_dynamic_toolv83_v66/op_gather.o hexagon_Release_dynamic_toolv83_v66/op_tanh_f.o hexagon_Release_dynamic_toolv83_v66/op_sigmoid_f.o hexagon_Release_dynamic_toolv83_v66/op_tanh.o hexagon_Release_dynamic_toolv83_v66/op_tanh_d32.o hexagon_Release_dynamic_toolv83_v66/op_tanh_16.o hexagon_Release_dynamic_toolv83_v66/op_add_f.o hexagon_Release_dynamic_toolv83_v66/op_mul_f.o hexagon_Release_dynamic_toolv83_v66/op_div.o hexagon_Release_dynamic_toolv83_v66/op_recip.o hexagon_Release_dynamic_toolv83_v66/op_neg.o hexagon_Release_dynamic_toolv83_v66/op_sub_f.o hexagon_Release_dynamic_toolv83_v66/op_rank.o hexagon_Release_dynamic_toolv83_v66/op_range.o hexagon_Release_dynamic_toolv83_v66/op_transpose.o hexagon_Release_dynamic_toolv83_v66/op_addn_f.o hexagon_Release_dynamic_toolv83_v66/op_instancenorm.o hexagon_Release_dynamic_toolv83_v66/op_instancenorm_hvx.o hexagon_Release_dynamic_toolv83_v66/op_instancenormbg_d32.o hexagon_Release_dynamic_toolv83_v66/op_addsubmul_8to32.o hexagon_Release_dynamic_toolv83_v66/op_addsubmul_16.o hexagon_Release_dynamic_toolv83_v66/op_addsubmul16_d32.o hexagon_Release_dynamic_toolv83_v66/op_prelu.o hexagon_Release_dynamic_toolv83_v66/op_prelu_f.o hexagon_Release_dynamic_toolv83_v66/op_sum_f.o hexagon_Release_dynamic_toolv83_v66/op_crop.o hexagon_Release_dynamic_toolv83_v66/op_depthwiseconv.o hexagon_Release_dynamic_toolv83_v66/op_depthwiseconv_f.o hexagon_Release_dynamic_toolv83_v66/op_fully_connected.o hexagon_Release_dynamic_toolv83_v66/op_l2pool_f.o hexagon_Release_dynamic_toolv83_v66/op_l2pool.o hexagon_Release_dynamic_toolv83_v66/op_l2pool_d32.o hexagon_Release_dynamic_toolv83_v66/op_lstm_16.o hexagon_Release_dynamic_toolv83_v66/op_quantfortest_d32.o hexagon_Release_dynamic_toolv83_v66/op_padfill_d32.o hexagon_Release_dynamic_toolv83_v66/optab.o hexagon_Release_dynamic_toolv83_v66/optab_names.o hexagon_Release_dynamic_toolv83_v66/op_deconv_bias.o hexagon_Release_dynamic_toolv83_v66/op_nv21torgb.o hexagon_Release_dynamic_toolv83_v66/op_rgbatorgb.o hexagon_Release_dynamic_toolv83_v66/op_roialign_f.o hexagon_Release_dynamic_toolv83_v66/op_roialign.o hexagon_Release_dynamic_toolv83_v66/op_roialign_v2.o hexagon_Release_dynamic_toolv83_v66/op_roipool.o hexagon_Release_dynamic_toolv83_v66/op_proposal.o hexagon_Release_dynamic_toolv83_v66/op_implode_batch.o hexagon_Release_dynamic_toolv83_v66/op_bbox_transform.o hexagon_Release_dynamic_toolv83_v66/op_fake_concat_d32.o hexagon_Release_dynamic_toolv83_v66/op_heatmap_maxkp.o hexagon_Release_dynamic_toolv83_v66/op_oemnode.o hexagon_Release_dynamic_toolv83_v66/op_sqrt.o hexagon_Release_dynamic_toolv83_v66/op_superfc_d32.o hexagon_Release_dynamic_toolv83_v66/op_close_16b_d32.o hexagon_Release_dynamic_toolv83_v66/op_quantfortest_16b_d32.o hexagon_Release_dynamic_toolv83_v66/op_supernode_16b.o hexagon_Release_dynamic_toolv83_v66/op_box_decoder.o hexagon_Release_dynamic_toolv83_v66/op_extract_glimpse.o hexagon_Release_dynamic_toolv83_v66/op_tile.o hexagon_Release_dynamic_toolv83_v66/op_reduce_8.o hexagon_Release_dynamic_toolv83_v66/op_reducing_sum.o hexagon_Release_dynamic_toolv83_v66/op_multiclassnms_f.o hexagon_Release_dynamic_toolv83_v66/op_image_transform_f.o hexagon_Release_dynamic_toolv83_v66/op_convert_aix_d32.o hexagon_Release_dynamic_toolv83_v66/op_supernode3322.o hexagon_Release_dynamic_toolv83_v66/op_convert_datatype.o hexagon_Release_dynamic_toolv83_v66/op_argmax.o hexagon_Release_dynamic_toolv83_v66/op_argmax_f.o hexagon_Release_dynamic_toolv83_v66/op_topk_f.o hexagon_Release_dynamic_toolv83_v66/op_topk_q.o hexagon_Release_dynamic_toolv83_v66/op_cast.o hexagon_Release_dynamic_toolv83_v66/op_axisshuffle.o hexagon_Release_dynamic_toolv83_v66/op_moments.o hexagon_Release_dynamic_toolv83_v66/op_argmin.o hexagon_Release_dynamic_toolv83_v66/op_select_f.o hexagon_Release_dynamic_toolv83_v66/op_select_8.o hexagon_Release_dynamic_toolv83_v66/op_transpose_conv.o hexagon_Release_dynamic_toolv83_v66/op_grouped_conv.o hexagon_Release_dynamic_toolv83_v66/op_prelu_v2_d32.o hexagon_Release_dynamic_toolv83_v66/op_reducing_mean.o hexagon_Release_dynamic_toolv83_v66/op_multiclassnms_8.o hexagon_Release_dynamic_toolv83_v66/op_dilated_conv.o hexagon_Release_dynamic_toolv83_v66/op_concat_16.o hexagon_Release_dynamic_toolv83_v66/op_compare_8.o hexagon_Release_dynamic_toolv83_v66/op_round.o hexagon_Release_dynamic_toolv83_v66/op_dwise_snode_16bit.o hexagon_Release_dynamic_toolv83_v66/op_argminmax_8_d32.o hexagon_Release_dynamic_toolv83_v66/op_roipool_v2.o hexagon_Release_dynamic_toolv83_v66/op_axis_aligned_bbox_transform_f.o hexagon_Release_dynamic_toolv83_v66/op_axis_aligned_bbox_transform_q8q16.o hexagon_Release_dynamic_toolv83_v66/op_dwise_snode_8bit.o hexagon_Release_dynamic_toolv83_v66/op_channelscale.o hexagon_Release_dynamic_toolv83_v66/op_hashtable_lookup.o hexagon_Release_dynamic_toolv83_v66/op_proposal_8.o hexagon_Release_dynamic_toolv83_v66/op_box_with_nms_limit_f.o hexagon_Release_dynamic_toolv83_v66/op_box_with_nms_limit_q8q16.o hexagon_Release_dynamic_toolv83_v66/op_l2normalize_8.o hexagon_Release_dynamic_toolv83_v66/op_lsh_projection.o hexagon_Release_dynamic_toolv83_v66/op_correlation1d.o hexagon_Release_dynamic_toolv83_v66/op_l2normalize_8_ref.o hexagon_Release_dynamic_toolv83_v66/op_ssd_detection_out.o hexagon_Release_dynamic_toolv83_v66/op_loss.o hexagon_Release_dynamic_toolv83_v66/op_maxpoolgrad.o hexagon_Release_dynamic_toolv83_v66/op_quantized_cast.o hexagon_Release_dynamic_toolv83_v66/nn_os_fast.o hexagon_Release_dynamic_toolv83_v66/quant_add_spec_h.o hexagon_Release_dynamic_toolv83_v66/gvsuma_h.o hexagon_Release_dynamic_toolv83_v66/gvint_h.o hexagon_Release_dynamic_toolv83_v66/gvconv2dbbb_d32_v60_h.o hexagon_Release_dynamic_toolv83_v66/padzap_d32.o hexagon_Release_dynamic_toolv83_v66/gemacca_h.o hexagon_Release_dynamic_toolv83_v66/gemaccb_h.o hexagon_Release_dynamic_toolv83_v66/gemaddvvm_h.o hexagon_Release_dynamic_toolv83_v66/gemmacbbw_h.o hexagon_Release_dynamic_toolv83_v66/gemmpybbw_h.o hexagon_Release_dynamic_toolv83_v66/gemsuma_h.o hexagon_Release_dynamic_toolv83_v66/gemsumb_h.o hexagon_Release_dynamic_toolv83_v66/histogram_h.o hexagon_Release_dynamic_toolv83_v66/nothing.o hexagon_Release_dynamic_toolv83_v66/quantize_h.o hexagon_Release_dynamic_toolv83_v66/autoquantize_h.o hexagon_Release_dynamic_toolv83_v66/biasadd_relu_requant.o hexagon_Release_dynamic_toolv83_v66/vmemcpy_h.o hexagon_Release_dynamic_toolv83_v66/vmemcpy_2d_h.o hexagon_Release_dynamic_toolv83_v66/vmemcpy128_h.o hexagon_Release_dynamic_toolv83_v66/vmemset_2d_h.o hexagon_Release_dynamic_toolv83_v66/memconvert_hvx.o hexagon_Release_dynamic_toolv83_v66/avgpool_aligned_hvx.o hexagon_Release_dynamic_toolv83_v66/avgpool_nonaligned_hvx.o hexagon_Release_dynamic_toolv83_v66/avgpool_d32.o hexagon_Release_dynamic_toolv83_v66/maxpool_d32.o hexagon_Release_dynamic_toolv83_v66/maxpool_3x3s2_d32.o hexagon_Release_dynamic_toolv83_v66/maxpool_aligned_hvx.o hexagon_Release_dynamic_toolv83_v66/maxpool_nonaligned_hvx.o hexagon_Release_dynamic_toolv83_v66/gemvmpybbw_h.o hexagon_Release_dynamic_toolv83_v66/im2col33322_h.o hexagon_Release_dynamic_toolv83_v66/im2col7732_h.o hexagon_Release_dynamic_toolv83_v66/biasadd_relu_requant_nonalign_hvx.o hexagon_Release_dynamic_toolv83_v66/vmemset_h.o hexagon_Release_dynamic_toolv83_v66/vmemset_short_h.o hexagon_Release_dynamic_toolv83_v66/vmemset_nt_h.o hexagon_Release_dynamic_toolv83_v66/gvmacca_h.o hexagon_Release_dynamic_toolv83_v66/gvmaccb_h.o hexagon_Release_dynamic_toolv83_v66/gvmaddvvm_h.o hexagon_Release_dynamic_toolv83_v66/gvmmacbbw_h.o hexagon_Release_dynamic_toolv83_v66/gvmmpybbw_h.o hexagon_Release_dynamic_toolv83_v66/gvmsuma_h.o hexagon_Release_dynamic_toolv83_v66/gvmsumb_h.o hexagon_Release_dynamic_toolv83_v66/gvconvsum2dbbw_h.o hexagon_Release_dynamic_toolv83_v66/gvconv2dbbw_h.o hexagon_Release_dynamic_toolv83_v66/gvconvsum2dbbb_h.o hexagon_Release_dynamic_toolv83_v66/gvconv2dbbb_h.o hexagon_Release_dynamic_toolv83_v66/qlrn_acc_h.o hexagon_Release_dynamic_toolv83_v66/relu_kernel_h.o hexagon_Release_dynamic_toolv83_v66/gsum_h.o hexagon_Release_dynamic_toolv83_v66/dwconv2dbbb_d32_v60_h.o hexagon_Release_dynamic_toolv83_v66/dwconv2dbbb_s2_d32_v60_h.o hexagon_Release_dynamic_toolv83_v66/scalemem_d32.o hexagon_Release_dynamic_toolv83_v66/fullyconnected.o hexagon_Release_dynamic_toolv83_v66/ivint_h.o hexagon_Release_dynamic_toolv83_v66/copyNto4_h.o hexagon_Release_dynamic_toolv83_v66/inconv2dbbb_d32_v60_h.o hexagon_Release_dynamic_toolv83_v66/inconv2dbbb_s1_d32_v60_h.o hexagon_Release_dynamic_toolv83_v66/lrn_d32_hvx.o hexagon_Release_dynamic_toolv83_v66/dwconv2dbbb_unsigned_d32_v60_h.o hexagon_Release_dynamic_toolv83_v66/dwconv2dbbb_unsigned_s2_d32_v60_h.o hexagon_Release_dynamic_toolv83_v66/to_d32_h.o hexagon_Release_dynamic_toolv83_v66/from_d32_h.o hexagon_Release_dynamic_toolv83_v66/vrmaxmin_h.o hexagon_Release_dynamic_toolv83_v66/resizebilinear_d32_h.o hexagon_Release_dynamic_toolv83_v66/visqrt64_h.o hexagon_Release_dynamic_toolv83_v66/getstats_h.o hexagon_Release_dynamic_toolv83_v66/renorm_h.o hexagon_Release_dynamic_toolv83_v66/inconv2dbbb332_d32_v60_h.o hexagon_Release_dynamic_toolv83_v66/fcsuma_h.o hexagon_Release_dynamic_toolv83_v66/fullconnlayerbatch_h.o hexagon_Release_dynamic_toolv83_v66/fullconnlayerbatch1_h.o hexagon_Release_dynamic_toolv83_v66/gvconv2db2b2b2_d32_h_v60.o hexagon_Release_dynamic_toolv83_v66/gvconv3322bbb_h.o hexagon_Release_dynamic_toolv83_v66/dwconv2dbbb_s1_7xN_h.o hexagon_Release_dynamic_toolv83_v66/dwconv2dbbb_s2_7xN_h.o hexagon_Release_dynamic_toolv83_v66/dwconv2dhhh_MxN_h.o hexagon_Release_dynamic_toolv83_v66/dwconv2dbbb_s1_5xN_h.o hexagon_Release_dynamic_toolv83_v66/dwconv2dbbb_s2_5xN_h.o hexagon_Release_dynamic_toolv83_v66/dwconv2dbbb_s1_3xN_h.o hexagon_Release_dynamic_toolv83_v66/dwconv2dbbb_s2_3xN_h.o hexagon_Release_dynamic_toolv83_v66/d32_16_to_88.o hexagon_Release_dynamic_toolv83_v66/dwconv2dbbb_s1_3x3_h.o hexagon_Release_dynamic_toolv83_v66/dwconv2dbbb_s2_3x3_h.o hexagon_Release_dynamic_toolv83_v66/inconv2db2b2b2_d32_v60_h.o hexagon_Release_dynamic_toolv83_v66/gvsuma_16b_h.o hexagon_Release_dynamic_toolv83_v66/gvint16_h.o hexagon_Release_dynamic_toolv83_v66/niti_gvconv2dbbb_d32_s1f_h_v66.o hexagon_Release_dynamic_toolv83_v66/niti_gvconv2dbbb_d32_v60_h.o hexagon_Release_dynamic_toolv83_v66/niti_inconv2dbbb_s1_d32_v60_h.o hexagon_Release_dynamic_toolv83_v66/gvconv2dbbbs1x4_d32_h_v66.o hexagon_Release_dynamic_toolv83_v66/gvconv2dbbb_d32_s1f_h_v66.o hexagon_Release_dynamic_toolv83_v66/gvconv2dbbb_d16_s1f_h_v66.o hexagon_Release_dynamic_toolv83_v66/gvconv2dbbb_d32_h_v66.o hexagon_Release_dynamic_toolv83_v66/gvconv2db2b2b2_d32_h_v66.o --end-group --start-group -lgcc --end-group /data2/xudaliang/projects/Qualcomm-environment/Hexagon_SDK/3.5.2/tools/HEXAGON_Tools/8.3.07/Tools/bin/../target/hexagon/lib/v66/G0/pic/finiS.o 

Allocating common symbols
Common symbol	size	file

operator	0x1	hexagon_Release_dynamic_toolv83_v66/op_add.o
log_buffer	0x4	hexagon_Release_dynamic_toolv83_v66/prepare.o
vector_scalars	0x80	hexagon_Release_dynamic_toolv83_v66/op_correlation1d.o

Linker Script and memory map
LOAD /data2/xudaliang/projects/Qualcomm-environment/Hexagon_SDK/3.5.2/tools/HEXAGON_Tools/8.3.07/Tools/bin/../target/hexagon/lib/v66/G0/pic/initS.o[v66]
LOAD /data2/xudaliang/projects/Qualcomm-environment/Hexagon_SDK/3.5.2/tools/HEXAGON_Tools/8.3.07/Tools/bin/../target/hexagon/lib/v66/G0/pic/libc.so[v66]
START GROUP
LOAD hexagon_Release_dynamic_toolv83_v66/hexagon_nn_skel.o[v66]
LOAD hexagon_Release_dynamic_toolv83_v66/hexagon_nn_domains_skel.o[v66]
LOAD hexagon_Release_dynamic_toolv83_v66/find_node.o[v66]
LOAD hexagon_Release_dynamic_toolv83_v66/scratch.o[v66]
LOAD hexagon_Release_dynamic_toolv83_v66/allocate.o[v66]
LOAD hexagon_Release_dynamic_toolv83_v66/execute.o[v66]
LOAD hexagon_Release_dynamic_toolv83_v66/interface.o[v66]
LOAD hexagon_Release_dynamic_toolv83_v66/errstats.o[v66]
LOAD hexagon_Release_dynamic_toolv83_v66/log.o[v66]
LOAD hexagon_Release_dynamic_toolv83_v66/newnode.o[v66]
LOAD hexagon_Release_dynamic_toolv83_v66/im2col_full.o[v66]
LOAD hexagon_Release_dynamic_toolv83_v66/pprint.o[v66]
LOAD hexagon_Release_dynamic_toolv83_v66/prepare.o[v66]
LOAD hexagon_Release_dynamic_toolv83_v66/string_map.o[v66]
LOAD hexagon_Release_dynamic_toolv83_v66/broadcast.o[v66]
LOAD hexagon_Release_dynamic_toolv83_v66/tensor.o[v66]
LOAD hexagon_Release_dynamic_toolv83_v66/perfinfo.o[v66]
LOAD hexagon_Release_dynamic_toolv83_v66/graphops.o[v66]
LOAD hexagon_Release_dynamic_toolv83_v66/const_prep_share.o[v66]
LOAD hexagon_Release_dynamic_toolv83_v66/hmaxpool_d32.o[v66]
LOAD hexagon_Release_dynamic_toolv83_v66/argminmax.o[v66]
LOAD hexagon_Release_dynamic_toolv83_v66/nn_os.o[v66]
LOAD hexagon_Release_dynamic_toolv83_v66/nn_os_qurt.o[v66]
LOAD hexagon_Release_dynamic_toolv83_v66/nn_os_h2.o[v66]
LOAD hexagon_Release_dynamic_toolv83_v66/nn_os_posix.o[v66]
LOAD hexagon_Release_dynamic_toolv83_v66/nn_os_linux.o[v66]
LOAD hexagon_Release_dynamic_toolv83_v66/graphcheck.o[v66]
LOAD hexagon_Release_dynamic_toolv83_v66/graph_options.o[v66]
LOAD hexagon_Release_dynamic_toolv83_v66/nn_pipe_portable.o[v66]
LOAD hexagon_Release_dynamic_toolv83_v66/pad2d.o[v66]
LOAD hexagon_Release_dynamic_toolv83_v66/im2col_o.o[v66]
LOAD hexagon_Release_dynamic_toolv83_v66/incopy_expand4.o[v66]
LOAD hexagon_Release_dynamic_toolv83_v66/integral_control.o[v66]
LOAD hexagon_Release_dynamic_toolv83_v66/integral_buffer.o[v66]
LOAD hexagon_Release_dynamic_toolv83_v66/gentranspose.o[v66]
LOAD hexagon_Release_dynamic_toolv83_v66/bulk_transpose.o[v66]
LOAD hexagon_Release_dynamic_toolv83_v66/shape_util.o[v66]
LOAD hexagon_Release_dynamic_toolv83_v66/hvx_constants.o[v66]
LOAD hexagon_Release_dynamic_toolv83_v66/quantize.o[v66]
LOAD hexagon_Release_dynamic_toolv83_v66/supernode_procweights.o[v66]
LOAD hexagon_Release_dynamic_toolv83_v66/transpose_conv_procweights.o[v66]
LOAD hexagon_Release_dynamic_toolv83_v66/qf16.o[v66]
LOAD hexagon_Release_dynamic_toolv83_v66/oper16.o[v66]
LOAD hexagon_Release_dynamic_toolv83_v66/tensor_copy_scaled.o[v66]
LOAD hexagon_Release_dynamic_toolv83_v66/metanode_lens_lstm.o[v66]
LOAD hexagon_Release_dynamic_toolv83_v66/nn_os_portable.o[v66]
LOAD hexagon_Release_dynamic_toolv83_v66/expand_transpose_conv_nodes.o[v66]
LOAD hexagon_Release_dynamic_toolv83_v66/prepare_utils.o[v66]
LOAD hexagon_Release_dynamic_toolv83_v66/graph_looping.o[v66]
LOAD hexagon_Release_dynamic_toolv83_v66/data_utils.o[v66]
LOAD hexagon_Release_dynamic_toolv83_v66/expand_grouped_conv_nodes.o[v66]
LOAD hexagon_Release_dynamic_toolv83_v66/expand_dilated_conv_nodes.o[v66]
LOAD hexagon_Release_dynamic_toolv83_v66/dwconv2dbbb_c.o[v66]
LOAD hexagon_Release_dynamic_toolv83_v66/dwconv2dhhh_c.o[v66]
LOAD hexagon_Release_dynamic_toolv83_v66/nn_pqueue.o[v66]
LOAD hexagon_Release_dynamic_toolv83_v66/op_resizebilinear.o[v66]
LOAD hexagon_Release_dynamic_toolv83_v66/op_resizebilinear_d32.o[v66]
LOAD hexagon_Release_dynamic_toolv83_v66/op_batchspace.o[v66]
LOAD hexagon_Release_dynamic_toolv83_v66/op_batchnorm_d32.o[v66]
LOAD hexagon_Release_dynamic_toolv83_v66/op_batchseqconf.o[v66]
LOAD hexagon_Release_dynamic_toolv83_v66/op_depthspace.o[v66]
LOAD hexagon_Release_dynamic_toolv83_v66/op_depthspace_d32.o[v66]
LOAD hexagon_Release_dynamic_toolv83_v66/op_prelu_d32.o[v66]
LOAD hexagon_Release_dynamic_toolv83_v66/op_sink.o[v66]
LOAD hexagon_Release_dynamic_toolv83_v66/op_avgpool_d32.o[v66]
LOAD hexagon_Release_dynamic_toolv83_v66/op_concat_d32.o[v66]
LOAD hexagon_Release_dynamic_toolv83_v66/op_concat16_d32.o[v66]
LOAD hexagon_Release_dynamic_toolv83_v66/op_maxpool_d32.o[v66]
LOAD hexagon_Release_dynamic_toolv83_v66/op_convert_d32.o[v66]
LOAD hexagon_Release_dynamic_toolv83_v66/op_supernode_new.o[v66]
LOAD hexagon_Release_dynamic_toolv83_v66/op_pad.o[v66]
LOAD hexagon_Release_dynamic_toolv83_v66/op_pad_d32.o[v66]
LOAD hexagon_Release_dynamic_toolv83_v66/op_deconv.o[v66]
LOAD hexagon_Release_dynamic_toolv83_v66/op_deconv_f.o[v66]
LOAD hexagon_Release_dynamic_toolv83_v66/op_pad2d_frame.o[v66]
LOAD hexagon_Release_dynamic_toolv83_v66/op_logsoftmax.o[v66]
LOAD hexagon_Release_dynamic_toolv83_v66/op_expanddims.o[v66]
LOAD hexagon_Release_dynamic_toolv83_v66/op_stridedslice.o[v66]
LOAD hexagon_Release_dynamic_toolv83_v66/op_resizenear.o[v66]
LOAD hexagon_Release_dynamic_toolv83_v66/op_resizeunitsquare_f.o[v66]
LOAD hexagon_Release_dynamic_toolv83_v66/op_resizeunitsquare.o[v66]
LOAD hexagon_Release_dynamic_toolv83_v66/op_mirrorpad.o[v66]
LOAD hexagon_Release_dynamic_toolv83_v66/op_mirrorpad_d32.o[v66]
LOAD hexagon_Release_dynamic_toolv83_v66/op_add.o[v66]
LOAD hexagon_Release_dynamic_toolv83_v66/op_add_d32.o[v66]
LOAD hexagon_Release_dynamic_toolv83_v66/op_prod_f.o[v66]
LOAD hexagon_Release_dynamic_toolv83_v66/op_mul.o[v66]
LOAD hexagon_Release_dynamic_toolv83_v66/op_pack.o[v66]
LOAD hexagon_Release_dynamic_toolv83_v66/op_unpack.o[v66]
LOAD hexagon_Release_dynamic_toolv83_v66/op_shape.o[v66]
LOAD hexagon_Release_dynamic_toolv83_v66/op_sum.o[v66]
LOAD hexagon_Release_dynamic_toolv83_v66/op_bitwise.o[v66]
LOAD hexagon_Release_dynamic_toolv83_v66/op_avgpool.o[v66]
LOAD hexagon_Release_dynamic_toolv83_v66/op_biasadd.o[v66]
LOAD hexagon_Release_dynamic_toolv83_v66/op_chanshuffle.o[v66]
LOAD hexagon_Release_dynamic_toolv83_v66/op_chanshuffle_d32.o[v66]
LOAD hexagon_Release_dynamic_toolv83_v66/op_check.o[v66]
LOAD hexagon_Release_dynamic_toolv83_v66/op_close.o[v66]
LOAD hexagon_Release_dynamic_toolv83_v66/op_close_d32.o[v66]
LOAD hexagon_Release_dynamic_toolv83_v66/op_close_16.o[v66]
LOAD hexagon_Release_dynamic_toolv83_v66/op_convert_16.o[v66]
LOAD hexagon_Release_dynamic_toolv83_v66/op_concat.o[v66]
LOAD hexagon_Release_dynamic_toolv83_v66/op_const.o[v66]
LOAD hexagon_Release_dynamic_toolv83_v66/op_conv2d.o[v66]
LOAD hexagon_Release_dynamic_toolv83_v66/op_flatten.o[v66]
LOAD hexagon_Release_dynamic_toolv83_v66/op_input.o[v66]
LOAD hexagon_Release_dynamic_toolv83_v66/op_matmul.o[v66]
LOAD hexagon_Release_dynamic_toolv83_v66/op_maxpool.o[v66]
LOAD hexagon_Release_dynamic_toolv83_v66/op_minmax.o[v66]
LOAD hexagon_Release_dynamic_toolv83_v66/op_minimum_maximum.o[v66]
LOAD hexagon_Release_dynamic_toolv83_v66/op_softmax.o[v66]
LOAD hexagon_Release_dynamic_toolv83_v66/op_nop.o[v66]
LOAD hexagon_Release_dynamic_toolv83_v66/op_output.o[v66]
LOAD hexagon_Release_dynamic_toolv83_v66/op_pprint.o[v66]
LOAD hexagon_Release_dynamic_toolv83_v66/op_prefree.o[v66]
LOAD hexagon_Release_dynamic_toolv83_v66/op_quantize.o[v66]
LOAD hexagon_Release_dynamic_toolv83_v66/op_relu.o[v66]
LOAD hexagon_Release_dynamic_toolv83_v66/op_requantize.o[v66]
LOAD hexagon_Release_dynamic_toolv83_v66/op_supernode.o[v66]
LOAD hexagon_Release_dynamic_toolv83_v66/op_avgpool_f.o[v66]
LOAD hexagon_Release_dynamic_toolv83_v66/op_biasadd_f.o[v66]
LOAD hexagon_Release_dynamic_toolv83_v66/op_concat_f.o[v66]
LOAD hexagon_Release_dynamic_toolv83_v66/op_conv2d_f.o[v66]
LOAD hexagon_Release_dynamic_toolv83_v66/op_matmul_f.o[v66]
LOAD hexagon_Release_dynamic_toolv83_v66/op_matmul_16.o[v66]
LOAD hexagon_Release_dynamic_toolv83_v66/op_maxpool_f.o[v66]
LOAD hexagon_Release_dynamic_toolv83_v66/op_relu_f.o[v66]
LOAD hexagon_Release_dynamic_toolv83_v66/op_softmax_f.o[v66]
LOAD hexagon_Release_dynamic_toolv83_v66/op_softmax_d32.o[v66]
LOAD hexagon_Release_dynamic_toolv83_v66/op_lrn.o[v66]
LOAD hexagon_Release_dynamic_toolv83_v66/op_lrn_f.o[v66]
LOAD hexagon_Release_dynamic_toolv83_v66/op_lrn_d32.o[v66]
LOAD hexagon_Release_dynamic_toolv83_v66/op_variable.o[v66]
LOAD hexagon_Release_dynamic_toolv83_v66/op_reshape.o[v66]
LOAD hexagon_Release_dynamic_toolv83_v66/op_slice.o[v66]
LOAD hexagon_Release_dynamic_toolv83_v66/op_split.o[v66]
LOAD hexagon_Release_dynamic_toolv83_v66/op_gather.o[v66]
LOAD hexagon_Release_dynamic_toolv83_v66/op_tanh_f.o[v66]
LOAD hexagon_Release_dynamic_toolv83_v66/op_sigmoid_f.o[v66]
LOAD hexagon_Release_dynamic_toolv83_v66/op_tanh.o[v66]
LOAD hexagon_Release_dynamic_toolv83_v66/op_tanh_d32.o[v66]
LOAD hexagon_Release_dynamic_toolv83_v66/op_tanh_16.o[v66]
LOAD hexagon_Release_dynamic_toolv83_v66/op_add_f.o[v66]
LOAD hexagon_Release_dynamic_toolv83_v66/op_mul_f.o[v66]
LOAD hexagon_Release_dynamic_toolv83_v66/op_div.o[v66]
LOAD hexagon_Release_dynamic_toolv83_v66/op_recip.o[v66]
LOAD hexagon_Release_dynamic_toolv83_v66/op_neg.o[v66]
LOAD hexagon_Release_dynamic_toolv83_v66/op_sub_f.o[v66]
LOAD hexagon_Release_dynamic_toolv83_v66/op_rank.o[v66]
LOAD hexagon_Release_dynamic_toolv83_v66/op_range.o[v66]
LOAD hexagon_Release_dynamic_toolv83_v66/op_transpose.o[v66]
LOAD hexagon_Release_dynamic_toolv83_v66/op_addn_f.o[v66]
LOAD hexagon_Release_dynamic_toolv83_v66/op_instancenorm.o[v66]
LOAD hexagon_Release_dynamic_toolv83_v66/op_instancenorm_hvx.o[v66]
LOAD hexagon_Release_dynamic_toolv83_v66/op_instancenormbg_d32.o[v66]
LOAD hexagon_Release_dynamic_toolv83_v66/op_addsubmul_8to32.o[v66]
LOAD hexagon_Release_dynamic_toolv83_v66/op_addsubmul_16.o[v66]
LOAD hexagon_Release_dynamic_toolv83_v66/op_addsubmul16_d32.o[v66]
LOAD hexagon_Release_dynamic_toolv83_v66/op_prelu.o[v66]
LOAD hexagon_Release_dynamic_toolv83_v66/op_prelu_f.o[v66]
LOAD hexagon_Release_dynamic_toolv83_v66/op_sum_f.o[v66]
LOAD hexagon_Release_dynamic_toolv83_v66/op_crop.o[v66]
LOAD hexagon_Release_dynamic_toolv83_v66/op_depthwiseconv.o[v66]
LOAD hexagon_Release_dynamic_toolv83_v66/op_depthwiseconv_f.o[v66]
LOAD hexagon_Release_dynamic_toolv83_v66/op_fully_connected.o[v66]
LOAD hexagon_Release_dynamic_toolv83_v66/op_l2pool_f.o[v66]
LOAD hexagon_Release_dynamic_toolv83_v66/op_l2pool.o[v66]
LOAD hexagon_Release_dynamic_toolv83_v66/op_l2pool_d32.o[v66]
LOAD hexagon_Release_dynamic_toolv83_v66/op_lstm_16.o[v66]
LOAD hexagon_Release_dynamic_toolv83_v66/op_quantfortest_d32.o[v66]
LOAD hexagon_Release_dynamic_toolv83_v66/op_padfill_d32.o[v66]
LOAD hexagon_Release_dynamic_toolv83_v66/optab.o[v66]
LOAD hexagon_Release_dynamic_toolv83_v66/optab_names.o[v66]
LOAD hexagon_Release_dynamic_toolv83_v66/op_deconv_bias.o[v66]
LOAD hexagon_Release_dynamic_toolv83_v66/op_nv21torgb.o[v66]
LOAD hexagon_Release_dynamic_toolv83_v66/op_rgbatorgb.o[v66]
LOAD hexagon_Release_dynamic_toolv83_v66/op_roialign_f.o[v66]
LOAD hexagon_Release_dynamic_toolv83_v66/op_roialign.o[v66]
LOAD hexagon_Release_dynamic_toolv83_v66/op_roialign_v2.o[v66]
LOAD hexagon_Release_dynamic_toolv83_v66/op_roipool.o[v66]
LOAD hexagon_Release_dynamic_toolv83_v66/op_proposal.o[v66]
LOAD hexagon_Release_dynamic_toolv83_v66/op_implode_batch.o[v66]
LOAD hexagon_Release_dynamic_toolv83_v66/op_bbox_transform.o[v66]
LOAD hexagon_Release_dynamic_toolv83_v66/op_fake_concat_d32.o[v66]
LOAD hexagon_Release_dynamic_toolv83_v66/op_heatmap_maxkp.o[v66]
LOAD hexagon_Release_dynamic_toolv83_v66/op_oemnode.o[v66]
LOAD hexagon_Release_dynamic_toolv83_v66/op_sqrt.o[v66]
LOAD hexagon_Release_dynamic_toolv83_v66/op_superfc_d32.o[v66]
LOAD hexagon_Release_dynamic_toolv83_v66/op_close_16b_d32.o[v66]
LOAD hexagon_Release_dynamic_toolv83_v66/op_quantfortest_16b_d32.o[v66]
LOAD hexagon_Release_dynamic_toolv83_v66/op_supernode_16b.o[v66]
LOAD hexagon_Release_dynamic_toolv83_v66/op_box_decoder.o[v66]
LOAD hexagon_Release_dynamic_toolv83_v66/op_extract_glimpse.o[v66]
LOAD hexagon_Release_dynamic_toolv83_v66/op_tile.o[v66]
LOAD hexagon_Release_dynamic_toolv83_v66/op_reduce_8.o[v66]
LOAD hexagon_Release_dynamic_toolv83_v66/op_reducing_sum.o[v66]
LOAD hexagon_Release_dynamic_toolv83_v66/op_multiclassnms_f.o[v66]
LOAD hexagon_Release_dynamic_toolv83_v66/op_image_transform_f.o[v66]
LOAD hexagon_Release_dynamic_toolv83_v66/op_convert_aix_d32.o[v66]
LOAD hexagon_Release_dynamic_toolv83_v66/op_supernode3322.o[v66]
LOAD hexagon_Release_dynamic_toolv83_v66/op_convert_datatype.o[v66]
LOAD hexagon_Release_dynamic_toolv83_v66/op_argmax.o[v66]
LOAD hexagon_Release_dynamic_toolv83_v66/op_argmax_f.o[v66]
LOAD hexagon_Release_dynamic_toolv83_v66/op_topk_f.o[v66]
LOAD hexagon_Release_dynamic_toolv83_v66/op_topk_q.o[v66]
LOAD hexagon_Release_dynamic_toolv83_v66/op_cast.o[v66]
LOAD hexagon_Release_dynamic_toolv83_v66/op_axisshuffle.o[v66]
LOAD hexagon_Release_dynamic_toolv83_v66/op_moments.o[v66]
LOAD hexagon_Release_dynamic_toolv83_v66/op_argmin.o[v66]
LOAD hexagon_Release_dynamic_toolv83_v66/op_select_f.o[v66]
LOAD hexagon_Release_dynamic_toolv83_v66/op_select_8.o[v66]
LOAD hexagon_Release_dynamic_toolv83_v66/op_transpose_conv.o[v66]
LOAD hexagon_Release_dynamic_toolv83_v66/op_grouped_conv.o[v66]
LOAD hexagon_Release_dynamic_toolv83_v66/op_prelu_v2_d32.o[v66]
LOAD hexagon_Release_dynamic_toolv83_v66/op_reducing_mean.o[v66]
LOAD hexagon_Release_dynamic_toolv83_v66/op_multiclassnms_8.o[v66]
LOAD hexagon_Release_dynamic_toolv83_v66/op_dilated_conv.o[v66]
LOAD hexagon_Release_dynamic_toolv83_v66/op_concat_16.o[v66]
LOAD hexagon_Release_dynamic_toolv83_v66/op_compare_8.o[v66]
LOAD hexagon_Release_dynamic_toolv83_v66/op_round.o[v66]
LOAD hexagon_Release_dynamic_toolv83_v66/op_dwise_snode_16bit.o[v66]
LOAD hexagon_Release_dynamic_toolv83_v66/op_argminmax_8_d32.o[v66]
LOAD hexagon_Release_dynamic_toolv83_v66/op_roipool_v2.o[v66]
LOAD hexagon_Release_dynamic_toolv83_v66/op_axis_aligned_bbox_transform_f.o[v66]
LOAD hexagon_Release_dynamic_toolv83_v66/op_axis_aligned_bbox_transform_q8q16.o[v66]
LOAD hexagon_Release_dynamic_toolv83_v66/op_dwise_snode_8bit.o[v66]
LOAD hexagon_Release_dynamic_toolv83_v66/op_channelscale.o[v66]
LOAD hexagon_Release_dynamic_toolv83_v66/op_hashtable_lookup.o[v66]
LOAD hexagon_Release_dynamic_toolv83_v66/op_proposal_8.o[v66]
LOAD hexagon_Release_dynamic_toolv83_v66/op_box_with_nms_limit_f.o[v66]
LOAD hexagon_Release_dynamic_toolv83_v66/op_box_with_nms_limit_q8q16.o[v66]
LOAD hexagon_Release_dynamic_toolv83_v66/op_l2normalize_8.o[v66]
LOAD hexagon_Release_dynamic_toolv83_v66/op_lsh_projection.o[v66]
LOAD hexagon_Release_dynamic_toolv83_v66/op_correlation1d.o[v66]
LOAD hexagon_Release_dynamic_toolv83_v66/op_l2normalize_8_ref.o[v66]
LOAD hexagon_Release_dynamic_toolv83_v66/op_ssd_detection_out.o[v66]
LOAD hexagon_Release_dynamic_toolv83_v66/op_loss.o[v66]
LOAD hexagon_Release_dynamic_toolv83_v66/op_maxpoolgrad.o[v66]
LOAD hexagon_Release_dynamic_toolv83_v66/op_quantized_cast.o[v66]
LOAD hexagon_Release_dynamic_toolv83_v66/nn_os_fast.o[v66]
LOAD hexagon_Release_dynamic_toolv83_v66/quant_add_spec_h.o[v66]
LOAD hexagon_Release_dynamic_toolv83_v66/gvsuma_h.o[v66]
LOAD hexagon_Release_dynamic_toolv83_v66/gvint_h.o[v66]
LOAD hexagon_Release_dynamic_toolv83_v66/gvconv2dbbb_d32_v60_h.o[v66]
LOAD hexagon_Release_dynamic_toolv83_v66/padzap_d32.o[v66]
LOAD hexagon_Release_dynamic_toolv83_v66/gemacca_h.o[v66]
LOAD hexagon_Release_dynamic_toolv83_v66/gemaccb_h.o[v66]
LOAD hexagon_Release_dynamic_toolv83_v66/gemaddvvm_h.o[v66]
LOAD hexagon_Release_dynamic_toolv83_v66/gemmacbbw_h.o[v66]
LOAD hexagon_Release_dynamic_toolv83_v66/gemmpybbw_h.o[v66]
LOAD hexagon_Release_dynamic_toolv83_v66/gemsuma_h.o[v66]
LOAD hexagon_Release_dynamic_toolv83_v66/gemsumb_h.o[v66]
LOAD hexagon_Release_dynamic_toolv83_v66/histogram_h.o[v66]
LOAD hexagon_Release_dynamic_toolv83_v66/nothing.o[v66]
LOAD hexagon_Release_dynamic_toolv83_v66/quantize_h.o[v66]
LOAD hexagon_Release_dynamic_toolv83_v66/autoquantize_h.o[v66]
LOAD hexagon_Release_dynamic_toolv83_v66/biasadd_relu_requant.o[v66]
LOAD hexagon_Release_dynamic_toolv83_v66/vmemcpy_h.o[v66]
LOAD hexagon_Release_dynamic_toolv83_v66/vmemcpy_2d_h.o[v66]
LOAD hexagon_Release_dynamic_toolv83_v66/vmemcpy128_h.o[v66]
LOAD hexagon_Release_dynamic_toolv83_v66/vmemset_2d_h.o[v66]
LOAD hexagon_Release_dynamic_toolv83_v66/memconvert_hvx.o[v66]
LOAD hexagon_Release_dynamic_toolv83_v66/avgpool_aligned_hvx.o[v66]
LOAD hexagon_Release_dynamic_toolv83_v66/avgpool_nonaligned_hvx.o[v66]
LOAD hexagon_Release_dynamic_toolv83_v66/avgpool_d32.o[v66]
LOAD hexagon_Release_dynamic_toolv83_v66/maxpool_d32.o[v66]
LOAD hexagon_Release_dynamic_toolv83_v66/maxpool_3x3s2_d32.o[v66]
LOAD hexagon_Release_dynamic_toolv83_v66/maxpool_aligned_hvx.o[v66]
LOAD hexagon_Release_dynamic_toolv83_v66/maxpool_nonaligned_hvx.o[v66]
LOAD hexagon_Release_dynamic_toolv83_v66/gemvmpybbw_h.o[v66]
LOAD hexagon_Release_dynamic_toolv83_v66/im2col33322_h.o[v66]
LOAD hexagon_Release_dynamic_toolv83_v66/im2col7732_h.o[v66]
LOAD hexagon_Release_dynamic_toolv83_v66/biasadd_relu_requant_nonalign_hvx.o[v66]
LOAD hexagon_Release_dynamic_toolv83_v66/vmemset_h.o[v66]
LOAD hexagon_Release_dynamic_toolv83_v66/vmemset_short_h.o[v66]
LOAD hexagon_Release_dynamic_toolv83_v66/vmemset_nt_h.o[v66]
LOAD hexagon_Release_dynamic_toolv83_v66/gvmacca_h.o[v66]
LOAD hexagon_Release_dynamic_toolv83_v66/gvmaccb_h.o[v66]
LOAD hexagon_Release_dynamic_toolv83_v66/gvmaddvvm_h.o[v66]
LOAD hexagon_Release_dynamic_toolv83_v66/gvmmacbbw_h.o[v66]
LOAD hexagon_Release_dynamic_toolv83_v66/gvmmpybbw_h.o[v66]
LOAD hexagon_Release_dynamic_toolv83_v66/gvmsuma_h.o[v66]
LOAD hexagon_Release_dynamic_toolv83_v66/gvmsumb_h.o[v66]
LOAD hexagon_Release_dynamic_toolv83_v66/gvconvsum2dbbw_h.o[v66]
LOAD hexagon_Release_dynamic_toolv83_v66/gvconv2dbbw_h.o[v66]
LOAD hexagon_Release_dynamic_toolv83_v66/gvconvsum2dbbb_h.o[v66]
LOAD hexagon_Release_dynamic_toolv83_v66/gvconv2dbbb_h.o[v66]
LOAD hexagon_Release_dynamic_toolv83_v66/qlrn_acc_h.o[v66]
LOAD hexagon_Release_dynamic_toolv83_v66/relu_kernel_h.o[v66]
LOAD hexagon_Release_dynamic_toolv83_v66/gsum_h.o[v66]
LOAD hexagon_Release_dynamic_toolv83_v66/dwconv2dbbb_d32_v60_h.o[v66]
LOAD hexagon_Release_dynamic_toolv83_v66/dwconv2dbbb_s2_d32_v60_h.o[v66]
LOAD hexagon_Release_dynamic_toolv83_v66/scalemem_d32.o[v66]
LOAD hexagon_Release_dynamic_toolv83_v66/fullyconnected.o[v66]
LOAD hexagon_Release_dynamic_toolv83_v66/ivint_h.o[v66]
LOAD hexagon_Release_dynamic_toolv83_v66/copyNto4_h.o[v66]
LOAD hexagon_Release_dynamic_toolv83_v66/inconv2dbbb_d32_v60_h.o[v66]
LOAD hexagon_Release_dynamic_toolv83_v66/inconv2dbbb_s1_d32_v60_h.o[v66]
LOAD hexagon_Release_dynamic_toolv83_v66/lrn_d32_hvx.o[v66]
LOAD hexagon_Release_dynamic_toolv83_v66/dwconv2dbbb_unsigned_d32_v60_h.o[v66]
LOAD hexagon_Release_dynamic_toolv83_v66/dwconv2dbbb_unsigned_s2_d32_v60_h.o[v66]
LOAD hexagon_Release_dynamic_toolv83_v66/to_d32_h.o[v66]
LOAD hexagon_Release_dynamic_toolv83_v66/from_d32_h.o[v66]
LOAD hexagon_Release_dynamic_toolv83_v66/vrmaxmin_h.o[v66]
LOAD hexagon_Release_dynamic_toolv83_v66/resizebilinear_d32_h.o[v66]
LOAD hexagon_Release_dynamic_toolv83_v66/visqrt64_h.o[v66]
LOAD hexagon_Release_dynamic_toolv83_v66/getstats_h.o[v66]
LOAD hexagon_Release_dynamic_toolv83_v66/renorm_h.o[v66]
LOAD hexagon_Release_dynamic_toolv83_v66/inconv2dbbb332_d32_v60_h.o[v66]
LOAD hexagon_Release_dynamic_toolv83_v66/fcsuma_h.o[v66]
LOAD hexagon_Release_dynamic_toolv83_v66/fullconnlayerbatch_h.o[v66]
LOAD hexagon_Release_dynamic_toolv83_v66/fullconnlayerbatch1_h.o[v66]
LOAD hexagon_Release_dynamic_toolv83_v66/gvconv2db2b2b2_d32_h_v60.o[v66]
LOAD hexagon_Release_dynamic_toolv83_v66/gvconv3322bbb_h.o[v66]
LOAD hexagon_Release_dynamic_toolv83_v66/dwconv2dbbb_s1_7xN_h.o[v66]
LOAD hexagon_Release_dynamic_toolv83_v66/dwconv2dbbb_s2_7xN_h.o[v66]
LOAD hexagon_Release_dynamic_toolv83_v66/dwconv2dhhh_MxN_h.o[v66]
LOAD hexagon_Release_dynamic_toolv83_v66/dwconv2dbbb_s1_5xN_h.o[v66]
LOAD hexagon_Release_dynamic_toolv83_v66/dwconv2dbbb_s2_5xN_h.o[v66]
LOAD hexagon_Release_dynamic_toolv83_v66/dwconv2dbbb_s1_3xN_h.o[v66]
LOAD hexagon_Release_dynamic_toolv83_v66/dwconv2dbbb_s2_3xN_h.o[v66]
LOAD hexagon_Release_dynamic_toolv83_v66/d32_16_to_88.o[v66]
LOAD hexagon_Release_dynamic_toolv83_v66/dwconv2dbbb_s1_3x3_h.o[v66]
LOAD hexagon_Release_dynamic_toolv83_v66/dwconv2dbbb_s2_3x3_h.o[v66]
LOAD hexagon_Release_dynamic_toolv83_v66/inconv2db2b2b2_d32_v60_h.o[v66]
LOAD hexagon_Release_dynamic_toolv83_v66/gvsuma_16b_h.o[v66]
LOAD hexagon_Release_dynamic_toolv83_v66/gvint16_h.o[v66]
LOAD hexagon_Release_dynamic_toolv83_v66/niti_gvconv2dbbb_d32_s1f_h_v66.o[v66]
LOAD hexagon_Release_dynamic_toolv83_v66/niti_gvconv2dbbb_d32_v60_h.o[v66]
LOAD hexagon_Release_dynamic_toolv83_v66/niti_inconv2dbbb_s1_d32_v60_h.o[v66]
LOAD hexagon_Release_dynamic_toolv83_v66/gvconv2dbbbs1x4_d32_h_v66.o[v66]
LOAD hexagon_Release_dynamic_toolv83_v66/gvconv2dbbb_d32_s1f_h_v66.o[v66]
LOAD hexagon_Release_dynamic_toolv83_v66/gvconv2dbbb_d16_s1f_h_v66.o[v66]
LOAD hexagon_Release_dynamic_toolv83_v66/gvconv2dbbb_d32_h_v66.o[v66]
LOAD hexagon_Release_dynamic_toolv83_v66/gvconv2db2b2b2_d32_h_v66.o[v66]
END GROUP
START GROUP
LOAD /data2/xudaliang/projects/Qualcomm-environment/Hexagon_SDK/3.5.2/tools/HEXAGON_Tools/8.3.07/Tools/bin/../target/hexagon/lib/v66/G0/pic/libgcc.so[v66]
END GROUP
LOAD /data2/xudaliang/projects/Qualcomm-environment/Hexagon_SDK/3.5.2/tools/HEXAGON_Tools/8.3.07/Tools/bin/../target/hexagon/lib/v66/G0/pic/finiS.o[v66]

.dynsym	0xb4	0x49e0 # Offset: 0xb4, LMA: 0xb4, Alignment: 0x4

.dynstr	0x4a94	0x6d25 # Offset: 0x4a94, LMA: 0x4a94, Alignment: 0x1

.hash	0xb7bc	0x24f8 # Offset: 0xb7bc, LMA: 0xb7bc, Alignment: 0x4

.rela.dyn	0xdcb4	0x9114 # Offset: 0xdcb4, LMA: 0xdcb4, Alignment: 0x4

.rela.plt	0x16dc8	0x468 # Offset: 0x16dc8, LMA: 0x16dc8, Alignment: 0x4

.init	0x17240	0x6c # Offset: 0x17240, LMA: 0x17240, Alignment: 0x20
.init	0x17240	0x6c	/data2/xudaliang/projects/Qualcomm-environment/Hexagon_SDK/3.5.2/tools/HEXAGON_Tools/8.3.07/Tools/bin/../target/hexagon/lib/v66/G0/pic/initS.o	#SHT_PROGBITS,SHF_ALLOC|SHF_EXECINSTR,32
	0x17240		_init

.plt	0x172b0	0x610 # Offset: 0x172b0, LMA: 0x172b0, Alignment: 0x10

.text	0x178c0	0xc33a8 # Offset: 0x178c0, LMA: 0x178c0, Alignment: 0x40
.text.__cxa_finalize_stub	0x178c0	0x30	/data2/xudaliang/projects/Qualcomm-environment/Hexagon_SDK/3.5.2/tools/HEXAGON_Tools/8.3.07/Tools/bin/../target/hexagon/lib/v66/G0/pic/initS.o	#SHT_PROGBITS,SHF_ALLOC|SHF_EXECINSTR,32
	0x178c0		__cxa_finalize_stub
	0x178e8		__dso_handle
PADDING_ALIGNMENT	0x178f0	0x10	0x0
.text	0x17900	0x1c10	hexagon_Release_dynamic_toolv83_v66/hexagon_nn_skel.o	#SHT_PROGBITS,SHF_ALLOC|SHF_EXECINSTR,32
	0x17900		hexagon_nn_skel_invoke
PADDING_ALIGNMENT	0x19510	0x10	0x0
.text	0x19520	0x1ed0	hexagon_Release_dynamic_toolv83_v66/hexagon_nn_domains_skel.o	#SHT_PROGBITS,SHF_ALLOC|SHF_EXECINSTR,32
	0x19520		hexagon_nn_domains_skel_handle_invoke
.text	0x1b3f0	0x638	hexagon_Release_dynamic_toolv83_v66/find_node.o	#SHT_PROGBITS,SHF_ALLOC|SHF_EXECINSTR,16
	0x1b3f0		del_node_from_hash
	0x1b490		initialize_hash
	0x1b4ec		find_node_teardown
	0x1b518		alloc_table
	0x1b604		insert_node_to_hash
	0x1b6d8		grow_hash_locked
	0x1b800		find_node
	0x1b8e8		traverse_hash_for_check
	0x1b93c		add_node_to_hash
PADDING_ALIGNMENT	0x1ba28	0x8	0x0
.text	0x1ba30	0x74	hexagon_Release_dynamic_toolv83_v66/scratch.o	#SHT_PROGBITS,SHF_ALLOC|SHF_EXECINSTR,16
	0x1ba30		nn_scratch_grow
PADDING_ALIGNMENT	0x1baa4	0x1c	0x0
.text	0x1bac0	0x970	hexagon_Release_dynamic_toolv83_v66/allocate.o	#SHT_PROGBITS,SHF_ALLOC|SHF_EXECINSTR,32
	0x1bac0		allocate_graph_storage
	0x1bdec		allocate_and_free
	0x1c014		check_allocations
	0x1c120		allocator_teardown
	0x1c154		canary_mark
	0x1c200		canary_check
	0x1c340		prefree
.text	0x1c430	0x470	hexagon_Release_dynamic_toolv83_v66/execute.o	#SHT_PROGBITS,SHF_ALLOC|SHF_EXECINSTR,16
	0x1c430		execute_set_canaries
	0x1c468		execute_check_src_canaries
	0x1c4dc		execute_check_dst_canaries
	0x1c550		do_execute
.text	0x1c8a0	0x236c	hexagon_Release_dynamic_toolv83_v66/interface.o	#SHT_PROGBITS,SHF_ALLOC|SHF_EXECINSTR,16
	0x1c8a0		nn_id_to_graph
	0x1c8a4		find_graph_inner
	0x1c950		hexagon_nn_get_dsp_offset
	0x1c980		hexagon_nn_domains_get_dsp_offset
	0x1c9a8		hexagon_nn_init_with_info
	0x1cb20		hexagon_nn_domains_init_with_info
	0x1cb28		hexagon_nn_init
	0x1cb3c		hexagon_nn_domains_init
	0x1cb50		hexagon_nn_getlog
	0x1cbc0		hexagon_nn_domains_getlog
	0x1cbd0		hexagon_nn_snpprint
	0x1cc10		hexagon_nn_domains_snpprint
	0x1cc54		hexagon_nn_set_debug_level
	0x1cc7c		hexagon_nn_domains_set_debug_level
	0x1ccb0		hexagon_nn_set_graph_option
	0x1cce0		hexagon_nn_domains_set_graph_option
	0x1cd0c		hexagon_nn_prepare
	0x1cd80		hexagon_nn_domains_prepare
	0x1cd90		hexagon_nn_append_node
	0x1ce28		hexagon_nn_domains_append_node
	0x1ce50		hexagon_nn_append_const_node
	0x1cef0		hexagon_nn_domains_append_const_node
	0x1cf18		hexagon_nn_append_empty_const_node
	0x1cfb0		hexagon_nn_domains_append_empty_const_node
	0x1cfd0		hexagon_nn_populate_const_node
	0x1d060		hexagon_nn_domains_populate_const_node
	0x1d070		hexagon_nn_execute_new
	0x1d368		hexagon_nn_execute_with_info
	0x1d3b0		hexagon_nn_domains_execute_new
	0x1d3c0		hexagon_nn_domains_execute_with_info
	0x1d3e0		hexagon_nn_execute
	0x1d468		hexagon_nn_domains_execute
	0x1d4c4		hexagon_nn_teardown
	0x1d540		hexagon_nn_domains_teardown
	0x1d550		hexagon_nn_get_nodetype
	0x1d5e0		hexagon_nn_domains_get_nodetype
	0x1d5f0		hexagon_nn_get_perfinfo
	0x1d660		hexagon_nn_domains_get_perfinfo
	0x1d670		hexagon_nn_reset_perfinfo
	0x1d6c0		hexagon_nn_domains_reset_perfinfo
	0x1d6d0		hexagon_nn_version
	0x1d6e0		hexagon_nn_domains_version
	0x1d6f0		hexagon_nn_multi_execution_cycles
	0x1d750		hexagon_nn_domains_multi_execution_cycles
	0x1d75c		hexagon_nn_last_execution_cycles
	0x1d7c0		hexagon_nn_domains_last_execution_cycles
	0x1d7cc		print_node_perf
	0x1d880		hexagon_nn_variable_read
	0x1d904		hexagon_nn_domains_variable_read
	0x1d950		hexagon_nn_variable_write
	0x1d9d0		hexagon_nn_domains_variable_write
	0x1da00		hexagon_nn_variable_write_flat
	0x1da70		hexagon_nn_domains_variable_write_flat
	0x1da80		hexagon_nn_GetHexagonBinaryVersion
	0x1da90		hexagon_nn_domains_GetHexagonBinaryVersion
	0x1daa0		hexagon_nn_PrintLog
	0x1daa4		hexagon_nn_domains_PrintLog
	0x1daa8		hexagon_nn_op_name_to_id
	0x1dac8		hexagon_nn_domains_op_name_to_id
	0x1daec		hexagon_nn_op_id_to_name
	0x1db30		hexagon_nn_domains_op_id_to_name
	0x1db40		hexagon_nn_get_num_nodes_in_graph
	0x1dc00		hexagon_nn_domains_get_num_nodes_in_graph
	0x1dc08		hexagon_nn_disable_dcvs
	0x1dc28		hexagon_nn_get_power
	0x1dc40		hexagon_nn_set_powersave_details
	0x1dd70		hexagon_nn_set_powersave_level
	0x1dd74		hexagon_nn_vote
	0x1de68		hexagon_nn_graph_config
	0x1dfe0		hexagon_nn_config_with_options
	0x1e140		hexagon_nn_config
	0x1e150		hexagon_nn_domains_config
	0x1e160		hexagon_nn_domains_config_with_options
	0x1e168		hexagon_nn_domains_graph_config
	0x1e170		hexagon_nn_domains_set_powersave_level
	0x1e178		hexagon_nn_domains_disable_dcvs
	0x1e17c		hexagon_nn_domains_get_power
	0x1e190		hexagon_nn_domains_set_powersave_details
	0x1e1a0		hexagon_nn_domains_open
	0x1e1e0		hexagon_nn_domains_close
	0x1e1e4		hexagon_nn_populate_graph
	0x1ec00		hexagon_nn_domains_populate_graph
PADDING_ALIGNMENT	0x1ec0c	0x4	0x0
.text	0x1ec10	0x544	hexagon_Release_dynamic_toolv83_v66/errstats.o	#SHT_PROGBITS,SHF_ALLOC|SHF_EXECINSTR,16
	0x1ec10		nn_errstats_clear
	0x1ec30		nn_errstats_dump_and_clear
	0x1ecf0		nn_errstats_add_point
	0x1edb8		nn_errstats_find_mean_rms
	0x1ee04		nn_errstats_find_correlation
PADDING_ALIGNMENT	0x1f154	0xc	0x0
.text	0x1f160	0x244	hexagon_Release_dynamic_toolv83_v66/log.o	#SHT_PROGBITS,SHF_ALLOC|SHF_EXECINSTR,16
	0x1f160		logv
	0x1f210		nn_logmsg_function
	0x1f2c0		_HAP_debug_v2
	0x1f310		nn_errlog_function
PADDING_ALIGNMENT	0x1f3a4	0xc	0x0
.text	0x1f3b0	0x16cc	hexagon_Release_dynamic_toolv83_v66/newnode.o	#SHT_PROGBITS,SHF_ALLOC|SHF_EXECINSTR,16
	0x1f3b0		alloc_node
	0x1f404		get_node
	0x1f428		node_alloc_common
	0x1f9c8		node_rehash_inputrefs
	0x1fa18		node_free_common
	0x1fad8		node_free_common_release_opaque
	0x1fb00		do_append_node
	0x1fbe4		do_append_const_node
	0x1fca8		do_append_empty_const_node
	0x1fd68		do_populate_const_node
	0x1fd70		do_teardown
	0x1fe48		node_check_inputs_range
	0x1ff10		node_check_inputs_n
	0x1ff18		node_check_outputs_range
	0x1ffe0		node_check_outputs_n
	0x1fff0		node_check_inputs_outputs_n
	0x20028		graphviz_print_node
	0x20170		graphviz_print_graph
	0x20230		print_graph_to_file
	0x205c0		debug_print_node
	0x20788		debug_print_graph
	0x207c0		fletcher32_tensor
	0x209a8		print_node_checksum
	0x20a50		print_graph_checksum
PADDING_ALIGNMENT	0x20a7c	0x4	0x0
.text	0x20a80	0x5d0	hexagon_Release_dynamic_toolv83_v66/im2col_full.o	#SHT_PROGBITS,SHF_ALLOC|SHF_EXECINSTR,16
	0x20a80		im2col_row
	0x20b30		im2col_stripe
	0x20cc0		im2col_full
.text	0x21050	0x1dc	hexagon_Release_dynamic_toolv83_v66/pprint.o	#SHT_PROGBITS,SHF_ALLOC|SHF_EXECINSTR,16
	0x21050		do_snpprint
PADDING_ALIGNMENT	0x2122c	0x14	0x0
.text	0x21240	0x7bdc	hexagon_Release_dynamic_toolv83_v66/prepare.o	#SHT_PROGBITS,SHF_ALLOC|SHF_EXECINSTR,32
	0x21240		do_prepend_const_node_ptr
	0x212c0		create_const_float_op
	0x212c8		create_const_int32_op
	0x21418		const_depth_extend_8
	0x214cc		const_width_extend_8
	0x21598		check_same_inputs
	0x215ec		check_processor_version
	0x21660		do_prepare
	0x21a20		optimize
	0x24788		remove_dead_nodes
	0x24a50		try_subst_autoquantize_const
	0x24d7c		do_transpose_consts
	0x25120		create_autoquantize
	0x251e4		create_requantize
	0x252b4		create_dequantize
	0x25360		do_convert_insane_dwise_to_Mul
	0x25440		do_convert_insane_dwise_to_Conv2d
	0x2551c		change_refs
	0x255b8		try_optimize_axisshuffle
	0x257e4		try_combine_chanshuffle
	0x25bd0		do_gather_const_node
	0x25c28		try_bypass_for_shape
	0x25ca8		try_make_qadd_supernode
	0x25f78		try_make_supernode_flavored
	0x26760		requantize_op_minmax_inputs
	0x267dc		dwconv_extrachecks
	0x26964		batchnorm_extrachecks
	0x269ac		matmult_extrachecks
	0x269fc		get_zero_flat_qu8_const
	0x26b00		convert_qu8_const_to_qint32
	0x26d64		find_range_node_visitor
	0x26f88		do_convert_to_depth32
	0x27f30		do_convert_to_short_conv
	0x28250		do_convert_concat_depth32
	0x2862c		do_convert_supernode_niti_depth32
	0x28898		need_convert_to_d32
	0x289e8		check_spaceop_ok_for_d32
	0x28ad8		check_batchop_ok_for_d32
	0x28b48		update_range_minmax
	0x28da8		opcheck_worker_func
PADDING_ALIGNMENT	0x28e1c	0x4	0x0
.text	0x28e20	0x290	hexagon_Release_dynamic_toolv83_v66/string_map.o	#SHT_PROGBITS,SHF_ALLOC|SHF_EXECINSTR,16
	0x28e20		op_type_to_string
	0x28e50		op_type_to_string_alt
	0x28e74		op_type_from_string
	0x28fa0		padding_type_to_string
	0x28fc0		padding_type_to_string_alt
	0x28fd8		padding_type_from_string
.text	0x290b0	0x9dc	hexagon_Release_dynamic_toolv83_v66/broadcast.o	#SHT_PROGBITS,SHF_ALLOC|SHF_EXECINSTR,16
	0x290b0		nn_check_prepare_hvx_opt
	0x29300		nn_elementwise_with_broadcast
	0x29944		broadcast_work_for_hvx
PADDING_ALIGNMENT	0x29a8c	0x4	0x0
.text	0x29a90	0x4c4	hexagon_Release_dynamic_toolv83_v66/tensor.o	#SHT_PROGBITS,SHF_ALLOC|SHF_EXECINSTR,16
	0x29a90		tensor_alloc
	0x29afc		tensor_dup
	0x29b28		tensor_free
	0x29b48		print_tensor_to_file
	0x29eb0		print_tensor
	0x29eb4		print_tensors
	0x29ec0		data_cksum
PADDING_ALIGNMENT	0x29f54	0xc	0x0
.text	0x29f60	0xb4	hexagon_Release_dynamic_toolv83_v66/perfinfo.o	#SHT_PROGBITS,SHF_ALLOC|SHF_EXECINSTR,16
	0x29f60		do_perfinfo_reset
	0x29fc8		do_perfinfo_get
PADDING_ALIGNMENT	0x2a014	0xc	0x0
.text	0x2a020	0x930	hexagon_Release_dynamic_toolv83_v66/graphops.o	#SHT_PROGBITS,SHF_ALLOC|SHF_EXECINSTR,16
	0x2a020		find_first_producer
	0x2a078		set_last_consumers
	0x2a0ec		find_last_consumer
	0x2a1e4		find_first_consumer
	0x2a2c0		find_unique_consumer
	0x2a400		check_single_consumer_all
	0x2a4d0		replace_node_sequence
	0x2a5f8		replace_node_with_sequence
	0x2a6f0		change_output_refs
	0x2a7e0		change_multi_output_refs
	0x2a8a0		change_multi_output_refs_table
.text	0x2a950	0x140	hexagon_Release_dynamic_toolv83_v66/const_prep_share.o	#SHT_PROGBITS,SHF_ALLOC|SHF_EXECINSTR,16
	0x2a950		nn_cpshare_get_const_node
	0x2a978		nn_cpshare_get_existing
	0x2a9e0		nn_cpshare_attach
	0x2aa18		nn_cpshare_decref
PADDING_ALIGNMENT	0x2aa90	0x10	0x0
.text	0x2aaa0	0xa5c	hexagon_Release_dynamic_toolv83_v66/hmaxpool_d32.o	#SHT_PROGBITS,SHF_ALLOC|SHF_EXECINSTR,32
	0x2aaa0		nn_hmaxpool_select_function
	0x2abac		hmaxpool_w0s0o0
	0x2abb0		hmaxpool_wge5sXoX
	0x2acd0		hmaxpool_w1234sXoX
	0x2ada0		hmaxpool_w1s1oX
	0x2ade0		hmaxpool_w2s2o0
	0x2ae2c		hmaxpool_w2s1oX
	0x2aed0		hmaxpool_w3s1o0
	0x2af7c		hmaxpool_w3s1oX
	0x2b074		hmaxpool_w3s2o0
	0x2b114		hmaxpool_w3s2oX
	0x2b1f4		hmaxpool_w3s3o0
	0x2b260		hmaxpool_w3s3o3
	0x2b3a0		hmaxpool_w3s3o12
PADDING_ALIGNMENT	0x2b4fc	0x4	0x0
.text	0x2b500	0xf08	hexagon_Release_dynamic_toolv83_v66/argminmax.o	#SHT_PROGBITS,SHF_ALLOC|SHF_EXECINSTR,32
	0x2b500		hvx_argmin_or_max_in_rows
	0x2b8d0		get_4_width_block
	0x2b9b0		hvx_argmin_or_max_d_8_d32
	0x2bf40		hvx_store_vec_x2_unaligned
	0x2bfa8		hvx_argmin_or_max_in_cols
	0x2c178		hvx_argmin_or_max_whb_8_d32
PADDING_ALIGNMENT	0x2c408	0x8	0x0
.text	0x2c410	0x88c	hexagon_Release_dynamic_toolv83_v66/nn_os.o	#SHT_PROGBITS,SHF_ALLOC|SHF_EXECINSTR,16
	0x2c410		nn_os_work_for_vector
	0x2c430		nn_os_worklist_for_vector
	0x2c440		nn_os_work_for_scalar
	0x2c460		nn_os_vector_call
	0x2c4a4		nn_os_veccall_stub
	0x2c4c8		nn_os_vector_workers_acquire
	0x2c5c8		worker_acquire
	0x2c5f0		nn_os_vector_workers_release
	0x2c6cc		worker_release
	0x2c6f8		nn_os_careful_free
	0x2c790		nn_os_join_n_threads
	0x2c860		nn_os_update_main_thread_priority
	0x2c8d0		nn_os_restore_main_thread_priority
	0x2c8d8		nn_os_workers_spawn
	0x2cbb0		nn_os_worker
	0x2cbf8		nn_os_workers_kill
PADDING_ALIGNMENT	0x2cc9c	0x4	0x0
.text	0x2cca0	0x538	hexagon_Release_dynamic_toolv83_v66/nn_os_qurt.o	#SHT_PROGBITS,SHF_ALLOC|SHF_EXECINSTR,16
	0x2cca0		nn_os_vtcm_fake_acquire
	0x2cd28		nn_os_vtcm_choose_size
	0x2ce80		nn_os_vtcm_query_page_count
	0x2ced0		nn_os_vtcm_acquire
	0x2cf9c		nn_os_vtcm_release
	0x2cfc8		nn_os_vector_acquire
	0x2d000		nn_os_vector_release
	0x2d030		nn_os_hvx_power_on
	0x2d034		nn_os_hvx_power_off
	0x2d038		nn_thread_create
	0x2d110		qurt_wrap
	0x2d140		nn_os_get_main_thread_priority
	0x2d160		nn_os_get_current_thread_priority
	0x2d180		nn_os_set_current_thread_priority
	0x2d198		nn_os_get_perfcount
PADDING_ALIGNMENT	0x2d1d8	0x8	0x0
.text	0x2d1e0	0x81c	hexagon_Release_dynamic_toolv83_v66/graphcheck.o	#SHT_PROGBITS,SHF_ALLOC|SHF_EXECINSTR,16
	0x2d1e0		check_graph
	0x2d900		hash_check_callback
	0x2d9e0		gindex_compare_func
PADDING_ALIGNMENT	0x2d9fc	0x4	0x0
.text	0x2da00	0x214	hexagon_Release_dynamic_toolv83_v66/graph_options.o	#SHT_PROGBITS,SHF_ALLOC|SHF_EXECINSTR,16
	0x2da00		nn_option_set_int
	0x2dba0		nn_opt_setter_int
	0x2dbc0		nn_opt_setter_bool
PADDING_ALIGNMENT	0x2dc14	0xc	0x0
.text	0x2dc20	0x1d8	hexagon_Release_dynamic_toolv83_v66/nn_pipe_portable.o	#SHT_PROGBITS,SHF_ALLOC|SHF_EXECINSTR,16
	0x2dc20		nn_pipe_alloc
	0x2dcb0		nn_pipe_free
	0x2dcd0		nn_pipe_send_multi_slowpath
	0x2dd84		nn_pipe_recv_slowpath
PADDING_ALIGNMENT	0x2ddf8	0x8	0x0
.text	0x2de00	0x260	hexagon_Release_dynamic_toolv83_v66/pad2d.o	#SHT_PROGBITS,SHF_ALLOC|SHF_EXECINSTR,16
	0x2de00		transpack_16
	0x2de98		pad2d
	0x2deb0		pad2d_generic
	0x2df74		pad2d_16
	0x2df90		transpack
	0x2e030		unpad2d
	0x2e04c		unpad2d_bytes
.text	0x2e060	0x14ac	hexagon_Release_dynamic_toolv83_v66/im2col_o.o	#SHT_PROGBITS,SHF_ALLOC|SHF_EXECINSTR,32
	0x2e060		gemm_cn
	0x2e114		gemm_co
	0x2e2d0		gemsuma_cn
	0x2e330		gemsumb_cn
	0x2e3a0		gemmpybbw_cn
	0x2e470		gemaddvvm_cn
	0x2e4c8		gemm_asm
	0x2e5c4		im2col_co
	0x2ea0c		im2col_cn
	0x2ed48		im2col_slice_v0_co
	0x2f0d4		im2col_slice_co
	0x2f31c		fast_im2col_co
PADDING_ALIGNMENT	0x2f50c	0x14	0x0
.text	0x2f520	0x2b0	hexagon_Release_dynamic_toolv83_v66/incopy_expand4.o	#SHT_PROGBITS,SHF_ALLOC|SHF_EXECINSTR,32
	0x2f520		incopy_expand_1to4
	0x2f5e0		incopy_expand_2to4
	0x2f690		incopy_expand_3to4
	0x2f760		incopy_expand_4to4
.text	0x2f7d0	0x5d0	hexagon_Release_dynamic_toolv83_v66/integral_buffer.o	#SHT_PROGBITS,SHF_ALLOC|SHF_EXECINSTR,16
	0x2f7d0		setup_integral_buffer_plan
.text	0x2fda0	0x1b3c	hexagon_Release_dynamic_toolv83_v66/gentranspose.o	#SHT_PROGBITS,SHF_ALLOC|SHF_EXECINSTR,32
	0x2fda0		nn_transpose_check
	0x2fe20		nn_transpose_analyze_direct
	0x3045c		transpose_execute_NULL
	0x30460		transpose_execute_MEMCPY
	0x304cc		transpose_execute_HVXFUNC
	0x30590		transpose_thread_A8xB8x16
	0x30a30		transpose_thread_k64_deal6
	0x30cb0		transpose_thread_1vec_shuffle4
	0x30e50		transpose_thread_deal2
	0x30fd4		transpose_thread_bulktranspose
	0x31134		transpose_execute_3DMEMCPY_GEN
	0x31360		strided_copy_2d_1b
	0x31440		strided_copy_2d_2b
	0x31520		strided_copy_2d_4b
	0x31600		strided_copy_2d_8b
	0x316dc		transpose_execute_SCALAR
	0x317f0		nn_transpose_operation
	0x318c8		approx_divide
PADDING_ALIGNMENT	0x318dc	0x4	0x0
.text	0x318e0	0x808	hexagon_Release_dynamic_toolv83_v66/bulk_transpose.o	#SHT_PROGBITS,SHF_ALLOC|SHF_EXECINSTR,32
	0x318e0		perform_bulk_transpose
	0x3191c		perform_bulk_transpose_2
	0x31b60		transpose_rectangle
PADDING_ALIGNMENT	0x320e8	0x18	0x0
.text	0x32100	0x1b98	hexagon_Release_dynamic_toolv83_v66/shape_util.o	#SHT_PROGBITS,SHF_ALLOC|SHF_EXECINSTR,32
	0x32100		nn_tensor_copy
	0x32148		nn_mcmanager_init
	0x32160		nn_mcmanager_vmemcpy_or_set
	0x323a8		nn_manager_vmemcpy_or_set_2d
	0x324dc		nn_mcmanager_tensor_copy
	0x32544		nn_mcmanager_wait
	0x32570		vmemcpy_2d_general_with_prefetch
	0x3268c		nn_tensor_out_prepare_normal_fromshape
	0x326f8		nn_tensor_addressing_d32
	0x32770		nn_tensor_addressing_d32_16b
	0x327e8		check_compatible_elementwise_d32
	0x329f0		find_concat_shape
	0x32b80		find_range_in_wd_tensor_d32
	0x32ce0		nn_find_generic_reduction_dims
	0x32db4		nn_find_reduction_shape
	0x32ed0		nn_generic_unary_float_op
	0x32f94		tensor_slice_from_tensor_d32
	0x33028		tensor_slice_on_dimension
	0x33118		tensor_slice_progressive_d32
	0x332a0		memset_32
	0x33330		memset_16
	0x333e0		do_pad
	0x33710		nn_checksum_bytes
	0x33760		nn_checksum_tensor
	0x33768		nn_checksum_tensor_d32
	0x338e0		nn_report_node_outputs
	0x33b88		mcmanager_work_func
PADDING_ALIGNMENT	0x33c98	0x8	0x0
.text	0x33ca0	0x129c	hexagon_Release_dynamic_toolv83_v66/quantize.o	#SHT_PROGBITS,SHF_ALLOC|SHF_EXECINSTR,32
	0x33ca0		adjust_minmax_for_zero
	0x33dd4		adjust_minmax_for_zero_16b
	0x33f40		adjust_minmax_for_zero_with_constraints_16b
	0x34208		adjust_minmax_for_zero_with_constraints
	0x34480		quantize_adjust_range_and_check
	0x34650		nn_requantize_i32_to_qu8_hvx
	0x347a8		hvx_quantize_32_to_8
	0x34930		nn_requantize_i32_to_qu8
	0x34a10		nn_requantize_qu8_to_qu8_hvx
	0x34d00		nn_requantize_qu8_to_qu8_hvx_d32
PADDING_ALIGNMENT	0x34f3c	0x4	0x0
.text	0x34f40	0xb24	hexagon_Release_dynamic_toolv83_v66/supernode_procweights.o	#SHT_PROGBITS,SHF_ALLOC|SHF_EXECINSTR,32
	0x34f40		repack_filter_for_d32
	0x35840		do_perlane_weight_scaling
.text	0x35a64	0x2d0	hexagon_Release_dynamic_toolv83_v66/transpose_conv_procweights.o	#SHT_PROGBITS,SHF_ALLOC|SHF_EXECINSTR,4
	0x35a64		process_transpose_conv_filter
PADDING_ALIGNMENT	0x35d34	0xc	0x0
.text	0x35d40	0x4c4	hexagon_Release_dynamic_toolv83_v66/qf16.o	#SHT_PROGBITS,SHF_ALLOC|SHF_EXECINSTR,16
	0x35d40		mpyrsat
	0x35d50		norm16
	0x35d60		norm32
	0x35d68		cl032
	0x35d70		inverse16_cn
	0x35de0		uli2q
	0x35e1c		i2q
	0x35e40		s2q
	0x35e64		q2s
	0x35e80		qround
	0x35eb0		inverse32_cn
	0x35f20		isqrt_cn
	0x35fc0		printq
	0x36000		printme
	0x36030		q2f
	0x36050		f2q
	0x36090		addqf
	0x360f0		subqf
	0x36150		maxqf
	0x36190		minqf
	0x361d0		mpyqf
PADDING_ALIGNMENT	0x36204	0x1c	0x0
.text	0x36220	0x420	hexagon_Release_dynamic_toolv83_v66/oper16.o	#SHT_PROGBITS,SHF_ALLOC|SHF_EXECINSTR,32
	0x36220		nn_do_scale_s16
	0x36350		nn_do_scale_s16_hvx
	0x36470		nn_do_scaleoff_16to16
	0x36560		nn_do_scaleoff_16to16_hvx
.text	0x36640	0x474	hexagon_Release_dynamic_toolv83_v66/tensor_copy_scaled.o	#SHT_PROGBITS,SHF_ALLOC|SHF_EXECINSTR,16
	0x36640		tensor_copy_scaled_d32
	0x36878		scalemem_d32_reference
	0x369a8		scaled_copy_operation
.text	0x36ab4	0xa08	hexagon_Release_dynamic_toolv83_v66/metanode_lens_lstm.o	#SHT_PROGBITS,SHF_ALLOC|SHF_EXECINSTR,4
	0x36ab4		transform_metanode_GL_Lstm
	0x374a8		transform_metanode_GL_Lstm.llvmint.extracted_region
PADDING_ALIGNMENT	0x374bc	0x4	0x0
.text	0x374c0	0x174	hexagon_Release_dynamic_toolv83_v66/nn_os_portable.o	#SHT_PROGBITS,SHF_ALLOC|SHF_EXECINSTR,16
	0x374c0		nn_sem_add_slowpath_withret
	0x374f0		nn_sem_add_slowpath
	0x37500		nn_sem_sub_slowpath
	0x375d0		nn_mutex_lock_slowpath
	0x37608		nn_mutex_unlock_slowpath
PADDING_ALIGNMENT	0x37634	0xc	0x0
.text	0x37640	0xe9c	hexagon_Release_dynamic_toolv83_v66/expand_transpose_conv_nodes.o	#SHT_PROGBITS,SHF_ALLOC|SHF_EXECINSTR,16
	0x37640		expand_transpose_conv_nodes
PADDING_ALIGNMENT	0x384dc	0x4	0x0
.text	0x384e0	0xbc4	hexagon_Release_dynamic_toolv83_v66/prepare_utils.o	#SHT_PROGBITS,SHF_ALLOC|SHF_EXECINSTR,32
	0x384e0		make_outputdesc_from_shape
	0x38518		shape_from_outputdesc
	0x38540		create_node
	0x38590		create_convert
	0x38650		find_node_must_be_Const
	0x38670		find_node_must_be
	0x38698		find_node_must_be_Const_from_ref
	0x386cc		free_node_array
	0x386f4		handle_channelscaled_supernode
	0x38d38		handle_oversize_d32_supernode
PADDING_ALIGNMENT	0x390a4	0xc	0x0
.text	0x390b0	0xc38	hexagon_Release_dynamic_toolv83_v66/graph_looping.o	#SHT_PROGBITS,SHF_ALLOC|SHF_EXECINSTR,16
	0x390b0		nn_loopstack_post_execute_slowpath
	0x39108		nn_loopstack_get_counts
	0x39120		nn_loopstack_get_itercount
	0x39138		nn_loopstack_get_prev_batches
	0x39150		nn_loopstack_get_current_batches
	0x39168		nn_loopstack_get_offset
	0x39184		nn_graph_output_expanded
	0x39190		nn_loopstack_set_next_batches
	0x391a8		nn_loopstack_increment_offset
	0x391c8		nn_graph_set_output_expanded
	0x391d8		nn_loopend_default
	0x39220		nn_loopstack_push
	0x39238		nn_loopstack_push_withfunc
	0x392e4		ensure_output_batch_size
	0x39490		nn_dynamictensor_prepare_graph
	0x39624		nn_graphloop_prepare_graph
	0x39b5c		inref_set_sort
	0x39c60		inref_set_insert_slowpath
PADDING_ALIGNMENT	0x39ce8	0x8	0x0
.text	0x39cf0	0x200	hexagon_Release_dynamic_toolv83_v66/data_utils.o	#SHT_PROGBITS,SHF_ALLOC|SHF_EXECINSTR,16
	0x39cf0		free_splits
	0x39d18		nn_split_data_hvx_aligned
.text	0x39ef0	0xed0	hexagon_Release_dynamic_toolv83_v66/expand_grouped_conv_nodes.o	#SHT_PROGBITS,SHF_ALLOC|SHF_EXECINSTR,4
	0x39ef0		expand_grouped_conv_nodes
.text	0x3adc0	0x6a4	hexagon_Release_dynamic_toolv83_v66/expand_dilated_conv_nodes.o	#SHT_PROGBITS,SHF_ALLOC|SHF_EXECINSTR,8
	0x3adc0		expand_dilated_conv_nodes
PADDING_ALIGNMENT	0x3b464	0xc	0x0
.text	0x3b470	0x380	hexagon_Release_dynamic_toolv83_v66/dwconv2dbbb_c.o	#SHT_PROGBITS,SHF_ALLOC|SHF_EXECINSTR,16
	0x3b470		dwconv2dbbb_s2_3xN_cn
PADDING_ALIGNMENT	0x3b7f0	0x10	0x0
.text	0x3b800	0x5a8	hexagon_Release_dynamic_toolv83_v66/dwconv2dhhh_c.o	#SHT_PROGBITS,SHF_ALLOC|SHF_EXECINSTR,32
	0x3b800		dwconv2dhhh_s1_cn
	0x3bad4		dwconv2dhhh_s2_cn
PADDING_ALIGNMENT	0x3bda8	0x8	0x0
.text	0x3bdb0	0x168	hexagon_Release_dynamic_toolv83_v66/nn_pqueue.o	#SHT_PROGBITS,SHF_ALLOC|SHF_EXECINSTR,16
	0x3bdb0		nn_pqueue_init
	0x3bdbc		nn_pqueue_clear
	0x3bdd0		nn_pqueue_vclear
	0x3bde4		nn_pqueue_deinit
	0x3bde8		nn_pqueue_enqueue
	0x3be60		nn_pqueue_dequeue
PADDING_ALIGNMENT	0x3bf18	0x8	0x0
.text	0x3bf20	0x2188	hexagon_Release_dynamic_toolv83_v66/op_resizebilinear.o	#SHT_PROGBITS,SHF_ALLOC|SHF_EXECINSTR,32
	0x3bf20		resizebilinear_2x
	0x3c438		resizebilinear_4x
	0x3ce40		resizebilinear_hvx
	0x3d2c0		resizebilinear_general
	0x3d4dc		resizebilinear_f_execute
	0x3d820		resizebilinear_qu8_execute
	0x3def8		resizebilinear_work
PADDING_ALIGNMENT	0x3e0a8	0x18	0x0
.text	0x3e0c0	0xb54	hexagon_Release_dynamic_toolv83_v66/op_resizebilinear_d32.o	#SHT_PROGBITS,SHF_ALLOC|SHF_EXECINSTR,32
	0x3e0c0		resize_bilinear_d32_execute
	0x3e700		bilin_interp_work
	0x3e800		do_bilin_interp_general_all_HVX
PADDING_ALIGNMENT	0x3ec14	0xc	0x0
.text	0x3ec20	0xc38	hexagon_Release_dynamic_toolv83_v66/op_batchspace.o	#SHT_PROGBITS,SHF_ALLOC|SHF_EXECINSTR,16
	0x3ec20		batchspace_b2s_execute_f
	0x3ec40		batchspace_s2b_execute_f
	0x3ec58		batchspace_b2s_execute_8
	0x3ec90		batchspace_s2b_execute_8
	0x3ecc8		batchspace_b2s_execute
	0x3f220		batchspace_s2b_execute
PADDING_ALIGNMENT	0x3f858	0x8	0x0
.text	0x3f860	0x12d4	hexagon_Release_dynamic_toolv83_v66/op_batchnorm_d32.o	#SHT_PROGBITS,SHF_ALLOC|SHF_EXECINSTR,16
	0x3f860		batchnorm_d32_execute
	0x40380		batchnorm_d32_check
	0x40530		batchnorm_d32_dtor
	0x40560		batchnorm_8_execute
	0x40580		fill_depth_consts
	0x407d0		batchnorm_worker
PADDING_ALIGNMENT	0x40b34	0xc	0x0
.text	0x40b40	0x310	hexagon_Release_dynamic_toolv83_v66/op_batchseqconf.o	#SHT_PROGBITS,SHF_ALLOC|SHF_EXECINSTR,16
	0x40b40		check_is_flat_ints
	0x40b70		batchseqconf_execute
	0x40b74		batchseqconf_check
	0x40cc0		setup_dimsel_array
.text	0x40e50	0xb20	hexagon_Release_dynamic_toolv83_v66/op_depthspace.o	#SHT_PROGBITS,SHF_ALLOC|SHF_EXECINSTR,16
	0x40e50		depthspace_d2s_execute
	0x41580		depthspace_check
	0x416a8		depthspace_s2d_execute
PADDING_ALIGNMENT	0x41970	0x10	0x0
.text	0x41980	0x2924	hexagon_Release_dynamic_toolv83_v66/op_depthspace_d32.o	#SHT_PROGBITS,SHF_ALLOC|SHF_EXECINSTR,32
	0x41980		depthspace_d32_execute
	0x41b50		depthspace_d32_check
	0x41c38		batchspace_d32_execute
	0x41d68		spacebatch_d32_execute
	0x42360		space2x_d32_dtor
	0x4239c		setup_x2s_plan
	0x42fbc		x2s_d32_workfunc
	0x432fc		get_b2s_dims
	0x43420		width_interleave_2_to16_loop
	0x43590		width_interleave_1_loop_alt
	0x43688		width_interleave_1_loop
	0x43750		width_interleave_2_loop
	0x43930		width_interleave_3_loop
	0x43c20		width_interleave_4_loop
	0x43f08		s2x_d32_workfunc
PADDING_ALIGNMENT	0x442a4	0x1c	0x0
.text	0x442c0	0xf64	hexagon_Release_dynamic_toolv83_v66/op_prelu_d32.o	#SHT_PROGBITS,SHF_ALLOC|SHF_EXECINSTR,32
	0x442c0		prelu_opt_execute
	0x448a8		prelu_check_opt
	0x44c90		prelu_dtor
	0x44cc8		prelu_ref_execute
	0x44fe4		prelu_hvx_work_func
PADDING_ALIGNMENT	0x45224	0xc	0x0
.text	0x45230	0x10c	hexagon_Release_dynamic_toolv83_v66/op_sink.o	#SHT_PROGBITS,SHF_ALLOC|SHF_EXECINSTR,16
	0x45230		sink_execute
	0x45240		sink_dtor
	0x45248		sink_earlywork_note_pred
	0x452f4		sink_earlywork_register
PADDING_ALIGNMENT	0x4533c	0x4	0x0
.text	0x45340	0x32b4	hexagon_Release_dynamic_toolv83_v66/op_avgpool_d32.o	#SHT_PROGBITS,SHF_ALLOC|SHF_EXECINSTR,32
	0x45340		avgpool_execute
	0x45d0c		avgpool_check
	0x45dd0		avgpool_dtor
	0x45e10		avgpool_earlywork_register
	0x45e4c		avgpool_process_slice
	0x467a0		avgpool_process_slice_special
	0x4699c		avgpool_process_slice_hvx
	0x477c8		avgpool_worker_thread
	0x47850		avgpool_2x2_worker_thread_func
	0x47cc0		avgpool_reduce_to_1x1_worker_thread
	0x48120		avgpool_earlywork
	0x48130		avgpool_reduce_to_1x1_post_worker_thread
	0x48520		avgpool_earlywork_v
PADDING_ALIGNMENT	0x485f4	0xc	0x0
.text	0x48600	0x130c	hexagon_Release_dynamic_toolv83_v66/op_concat_d32.o	#SHT_PROGBITS,SHF_ALLOC|SHF_EXECINSTR,32
	0x48600		scaled_copy_d32_reference
	0x48770		concat_execute_hvx
	0x48778		concat_check
	0x48898		concat_dtor
	0x488d8		concat_earlywork_register
	0x48910		concat_execute_ref
	0x48920		scaled_copy_d32_hvx
	0x48f94		concat_execute
	0x49568		scalemem_d32_reference
	0x49584		concat_copy_inputs
	0x49830		concat_earlywork
	0x4983c		concat_earlywork_v
PADDING_ALIGNMENT	0x4990c	0x14	0x0
.text	0x49920	0x1500	hexagon_Release_dynamic_toolv83_v66/op_concat16_d32.o	#SHT_PROGBITS,SHF_ALLOC|SHF_EXECINSTR,32
	0x49920		concat16_execute
	0x49fd8		concat16_check
	0x4a0b8		concat16_dtor
	0x4a0e4		concat_setup_scaling
	0x4a470		concat_worker
	0x4a4dc		runfunc_aligned_u16scaled
	0x4a750		runfunc_unaligned_u16scaled
	0x4aa28		runfunc_aligned_unscaled
	0x4ab60		runfunc_unaligned_unscaled
.text	0x4ae20	0x17c4	hexagon_Release_dynamic_toolv83_v66/op_maxpool_d32.o	#SHT_PROGBITS,SHF_ALLOC|SHF_EXECINSTR,32
	0x4ae20		maxpool_execute
	0x4b910		maxpool_dtor
	0x4b918		maxpool_earlywork_register
	0x4b920		maxpool_d32_ref
	0x4be90		do_maxpool_out1x1_slice
	0x4bf48		maxpool_zap_worker
	0x4c0b8		maxpool_execute_rollbuf_worker
	0x4c414		maxpool_execute_worker
	0x4c508		maxpool_earlywork
	0x4c514		maxpool_earlywork_v
PADDING_ALIGNMENT	0x4c5e4	0x1c	0x0
.text	0x4c600	0x21c0	hexagon_Release_dynamic_toolv83_v66/op_convert_d32.o	#SHT_PROGBITS,SHF_ALLOC|SHF_EXECINSTR,32
	0x4c600		convert_from_d32_execute
	0x4cc30		convert_from_d32_check
	0x4cc84		convert_to_d32_execute
	0x4d108		convert_from_d32_16b
	0x4d2c8		convert_to_d32_16b
	0x4d770		convert_packzilla_vcollect_workfunc
	0x4d86c		hvx_convert_from_d32_work_function
	0x4dff8		hvx_conv_d32_work_func
	0x4e260		hvx_to_d32_core_4
	0x4e480		hvx_to_d32_core_2
	0x4e630		hvx_to_d32_core_1
.text	0x4e7c0	0x90a8	hexagon_Release_dynamic_toolv83_v66/op_supernode_new.o	#SHT_PROGBITS,SHF_ALLOC|SHF_EXECINSTR,32
	0x4e7c0		supernode_execute_workitem_vector_join
	0x4e7f0		supernode_execute_workitem_join_some
	0x4e820		fast_rearrange_32x32
	0x4e898		note_chunk_checkpoint_arrival
	0x4ea60		supernode_recalculate_strategy
	0x50774		fill_info_minmax_basics
	0x50cc0		fill_bias_buf
	0x50ef8		supernode_execute_hvx_conv_work
	0x516c8		supernode_recalculate_strategy_v66
	0x53308		supernode_execute_hvx_conv_work_v66
	0x53a90		get_circ_buf_size
	0x53a94		supernode_check_reuse
	0x540c0		supernode_check_error_return
	0x541c4		load_channel_scales
	0x54290		find_k_kinv
	0x54430		setup_initial_output_range
	0x54594		supernode_check
	0x54e70		supernode_execute_hvx
	0x55280		supernode_dtor
	0x55310		supernode_earlywork_note_pred
	0x55400		supernode_earlywork_register
	0x55440		shortin_supernode_execute_call
	0x55488		shortin_supernode_check
	0x55970		shortin_supernode_dtor
	0x559e0		supernode_execute_workitem_startwork
	0x55c98		note_startup_arrival
	0x55d38		note_alldone_checkpoint_arrival
	0x55f28		supernode_execute_zap_right
	0x56058		supernode_execute_zap_top
	0x56148		supernode_execute_zap_bot
	0x56238		supernode_execute_zap_left
	0x56360		supernode_vector_kickoff
	0x563d8		supernode_execute_workitem_check_for_retry
	0x566b0		shortin_supernode_execute_everything
	0x57294		shortin_supernode_execute_hvx_slice
PADDING_ALIGNMENT	0x57868	0x8	0x0
.text	0x57870	0xbac	hexagon_Release_dynamic_toolv83_v66/op_pad.o	#SHT_PROGBITS,SHF_ALLOC|SHF_EXECINSTR,16
	0x57870		pad_f_execute
	0x57880		pad_q_execute
	0x57a18		pad_q_v2_execute
	0x57a64		pad_q16_execute
	0x57bf8		pad_generic_execute
PADDING_ALIGNMENT	0x5841c	0x4	0x0
.text	0x58420	0xd6c	hexagon_Release_dynamic_toolv83_v66/op_pad_d32.o	#SHT_PROGBITS,SHF_ALLOC|SHF_EXECINSTR,16
	0x58420		pad_d32_execute
	0x58ea0		pad_d32_check
	0x58f78		pad32_setup_scaling
PADDING_ALIGNMENT	0x5918c	0x14	0x0
.text	0x591a0	0x7e4	hexagon_Release_dynamic_toolv83_v66/op_deconv.o	#SHT_PROGBITS,SHF_ALLOC|SHF_EXECINSTR,32
	0x591a0		deconv_execute_ref
PADDING_ALIGNMENT	0x59984	0x1c	0x0
.text	0x599a0	0x748	hexagon_Release_dynamic_toolv83_v66/op_deconv_f.o	#SHT_PROGBITS,SHF_ALLOC|SHF_EXECINSTR,32
	0x599a0		deconv_f_execute_ref
PADDING_ALIGNMENT	0x5a0e8	0x8	0x0
.text	0x5a0f0	0x264	hexagon_Release_dynamic_toolv83_v66/op_pad2d_frame.o	#SHT_PROGBITS,SHF_ALLOC|SHF_EXECINSTR,16
	0x5a0f0		pad2d_frame_q8_execute_ref
PADDING_ALIGNMENT	0x5a354	0xc	0x0
.text	0x5a360	0x180	hexagon_Release_dynamic_toolv83_v66/op_logsoftmax.o	#SHT_PROGBITS,SHF_ALLOC|SHF_EXECINSTR,32
	0x5a360		logsoftmax_execute
.text	0x5a4e0	0x40	hexagon_Release_dynamic_toolv83_v66/op_expanddims.o	#SHT_PROGBITS,SHF_ALLOC|SHF_EXECINSTR,4
	0x5a4e0		expanddims_execute
.text	0x5a520	0xb8c	hexagon_Release_dynamic_toolv83_v66/op_stridedslice.o	#SHT_PROGBITS,SHF_ALLOC|SHF_EXECINSTR,32
	0x5a520		sslice_execute_f
	0x5a528		sslice_check
	0x5a590		sslice_execute_int32
	0x5a5a0		sslice_execute_1b
	0x5a5a8		sslice_execute_q8
	0x5a5d8		strided_slice_impl
PADDING_ALIGNMENT	0x5b0ac	0x4	0x0
.text	0x5b0b0	0x6bc	hexagon_Release_dynamic_toolv83_v66/op_resizenear.o	#SHT_PROGBITS,SHF_ALLOC|SHF_EXECINSTR,16
	0x5b0b0		resizenear_f_execute
	0x5b260		resizenear_8_execute
	0x5b4b4		resize8_worker_thread_align_corners
	0x5b634		resize8_worker_thread
PADDING_ALIGNMENT	0x5b76c	0x4	0x0
.text	0x5b770	0x380	hexagon_Release_dynamic_toolv83_v66/op_resizeunitsquare_f.o	#SHT_PROGBITS,SHF_ALLOC|SHF_EXECINSTR,16
	0x5b770		resize_unitsquare_execute
.text	0x5baf0	0x4c0	hexagon_Release_dynamic_toolv83_v66/op_resizeunitsquare.o	#SHT_PROGBITS,SHF_ALLOC|SHF_EXECINSTR,16
	0x5baf0		resize_unitsquare_execute
.text	0x5bfb0	0xa34	hexagon_Release_dynamic_toolv83_v66/op_mirrorpad.o	#SHT_PROGBITS,SHF_ALLOC|SHF_EXECINSTR,16
	0x5bfb0		mirrorpad_execute_f
	0x5bfb8		mirrorpad_check
	0x5c088		mirrorpad_execute_8
	0x5c0b8		mirrorpad_execute
	0x5c520		do_mirrorpad_wrapper
PADDING_ALIGNMENT	0x5c9e4	0xc	0x0
.text	0x5c9f0	0x988	hexagon_Release_dynamic_toolv83_v66/op_mirrorpad_d32.o	#SHT_PROGBITS,SHF_ALLOC|SHF_EXECINSTR,16
	0x5c9f0		mirrorpad_execute_8_d32
	0x5ca20		mirrorpad_check
	0x5caec		mirrorpad_execute
	0x5cfb0		do_mirrorpad_wrapper
PADDING_ALIGNMENT	0x5d378	0x8	0x0
.text	0x5d380	0x18f0	hexagon_Release_dynamic_toolv83_v66/op_add.o	#SHT_PROGBITS,SHF_ALLOC|SHF_EXECINSTR,32
	0x5d380		qadd_888_execute
	0x5de88		qadd_888_check
	0x5dfd0		qsub_reject
	0x5dff0		qadd_888_hvx
	0x5e8a8		addsub_flat_work
	0x5e9f0		add_core_hvx
	0x5eb70		add_core_hvx_underrange
PADDING_ALIGNMENT	0x5ec70	0x10	0x0
.text	0x5ec80	0x36ec	hexagon_Release_dynamic_toolv83_v66/op_add_d32.o	#SHT_PROGBITS,SHF_ALLOC|SHF_EXECINSTR,32
	0x5ec80		addsub_d32_execute_common
	0x5f8f0		addsub_d32_check
	0x5faf0		addsub_d32_dtor
	0x5fb28		neg_d32_execute
	0x5fcbc		elementwise_d32_worker_func
	0x5fed8		addsub_setup_scaling
	0x60370		check_addsub_need_rerun
	0x60600		mul_setup_scaling
	0x609d0		check_mul_need_rerun
	0x60d10		core_add_d32_general_hvx
	0x610a0		core_add_d32_B11D_hvx
	0x61300		core_add_d32_mixed_hvx
	0x615d0		core_mul_d32_general_hvx
	0x619e0		core_mul_d32_B11D_hvx
	0x61c50		core_mul_d32_mixed_hvx
	0x61f38		set_addsub_scaling_for_output_range
	0x62120		core_add_d32_underrange_hvx
PADDING_ALIGNMENT	0x6236c	0x4	0x0
.text	0x62370	0x4a0	hexagon_Release_dynamic_toolv83_v66/op_prod_f.o	#SHT_PROGBITS,SHF_ALLOC|SHF_EXECINSTR,16
	0x62370		prod_f_execute
	0x625c0		prod_i32_execute
.text	0x62810	0x72c	hexagon_Release_dynamic_toolv83_v66/op_mul.o	#SHT_PROGBITS,SHF_ALLOC|SHF_EXECINSTR,16
	0x62810		mul_int32_execute
	0x62820		mul_8x8to8_execute
	0x62c48		mul_q8_check
	0x62d60		mul_int32_stride_11
	0x62d80		mul_int32_stride_10
	0x62da0		qmul_8x8to8_stride_11
	0x62e78		qmul_8x8to8_stride_10
	0x62e94		qmul_8x8to8_rev_stride_01
	0x62eb0		qmul_8x8to8_vec_by_scalar
PADDING_ALIGNMENT	0x62f3c	0x4	0x0
.text	0x62f40	0x1d4	hexagon_Release_dynamic_toolv83_v66/op_pack.o	#SHT_PROGBITS,SHF_ALLOC|SHF_EXECINSTR,16
	0x62f40		pack_execute
PADDING_ALIGNMENT	0x63114	0xc	0x0
.text	0x63120	0x30c	hexagon_Release_dynamic_toolv83_v66/op_unpack.o	#SHT_PROGBITS,SHF_ALLOC|SHF_EXECINSTR,16
	0x63120		unpack_f_execute
	0x63130		unpack_int_execute
	0x63134		unpack_do_execute
PADDING_ALIGNMENT	0x6342c	0x4	0x0
.text	0x63430	0xf4	hexagon_Release_dynamic_toolv83_v66/op_shape.o	#SHT_PROGBITS,SHF_ALLOC|SHF_EXECINSTR,8
	0x63430		shape_execute
PADDING_ALIGNMENT	0x63524	0xc	0x0
.text	0x63530	0x1d8	hexagon_Release_dynamic_toolv83_v66/op_bitwise.o	#SHT_PROGBITS,SHF_ALLOC|SHF_EXECINSTR,16
	0x63530		and_int32_execute
	0x63540		ior_int32_execute
	0x63550		xor_int32_execute
	0x63560		not_int32_execute
	0x63600		and_int32_stride_11
	0x63620		and_int32_stride_10
	0x63660		ior_int32_stride_11
	0x63680		ior_int32_stride_10
	0x636c0		xor_int32_stride_11
	0x636e0		xor_int32_stride_10
PADDING_ALIGNMENT	0x63708	0x8	0x0
.text	0x63710	0xad4	hexagon_Release_dynamic_toolv83_v66/op_avgpool.o	#SHT_PROGBITS,SHF_ALLOC|SHF_EXECINSTR,16
	0x63710		avgpool_execute_asm
	0x63720		avgpool_execute_ref
	0x63730		avgpool_execute
	0x639e8		avgpool_execute_slice_asm
	0x63dac		avgpool_execute_slice_ref
PADDING_ALIGNMENT	0x641e4	0xc	0x0
.text	0x641f0	0x930	hexagon_Release_dynamic_toolv83_v66/op_biasadd.o	#SHT_PROGBITS,SHF_ALLOC|SHF_EXECINSTR,16
	0x641f0		biasadd_8p8to32_execute
	0x646fc		biasadd_32p32to32_execute
.text	0x64b20	0x95c	hexagon_Release_dynamic_toolv83_v66/op_chanshuffle.o	#SHT_PROGBITS,SHF_ALLOC|SHF_EXECINSTR,32
	0x64b20		channelshuffle_execute
	0x653d0		channelshuffle_check_qu8
PADDING_ALIGNMENT	0x6547c	0x4	0x0
.text	0x65480	0x2778	hexagon_Release_dynamic_toolv83_v66/op_chanshuffle_d32.o	#SHT_PROGBITS,SHF_ALLOC|SHF_EXECINSTR,32
	0x65480		channelshuffle_d32_execute
	0x655b8		channelshuffle_check_d32
	0x65668		split_d32_execute
	0x65780		common_chanshuffle_split_d32_execute
	0x66310		chanshuf_worker_func
	0x66408		channelshuf_d32_k1_scale0_align0
	0x664b8		channelshuf_d32_k1_scale0_align1
	0x66530		channelshuf_d32_k1_scale0_align2
	0x66654		channelshuf_d32_k2_scale0_align0
	0x66764		channelshuf_d32_k2_scale0_align1
	0x66894		channelshuf_d32_k2_scale0_align2
	0x66a64		channelshuf_d32_k2_scale1_align01
	0x66bc4		channelshuf_d32_k2_scale1_align2
	0x66df8		channelshuf_d32_k4_scale0_align0
	0x67004		channelshuf_d32_k4_scale0_align1
	0x67270		channelshuf_d32_k4_scale0_align2
	0x675bc		channelshuf_d32_k4_scale1_align01
	0x67814		channelshuf_d32_k4_scale1_align2
.text	0x67bf8	0x1a4	hexagon_Release_dynamic_toolv83_v66/op_check.o	#SHT_PROGBITS,SHF_ALLOC|SHF_EXECINSTR,4
	0x67bf8		check_execute
PADDING_ALIGNMENT	0x67d9c	0x4	0x0
.text	0x67da0	0x2174	hexagon_Release_dynamic_toolv83_v66/op_close.o	#SHT_PROGBITS,SHF_ALLOC|SHF_EXECINSTR,16
	0x67da0		close_execute_f
	0x68310		close_execute_i32
	0x68320		close_execute_u8
	0x68330		close_execute_u16
	0x6833c		close_execute_q_u8
	0x689e8		close_execute_q_i16
	0x690a0		close_execute_q_u16
	0x69760		close_execute_boxes_u16
	0x69770		close_execute_mse_u8
	0x6977c		close_execute
	0x69a78		check_i32vals
	0x69b80		check_u8vals
	0x69c64		check_u16vals
	0x69d48		check_u16boxes
	0x69e38		check_mse_u8
PADDING_ALIGNMENT	0x69f14	0xc	0x0
.text	0x69f20	0x9a4	hexagon_Release_dynamic_toolv83_v66/op_close_d32.o	#SHT_PROGBITS,SHF_ALLOC|SHF_EXECINSTR,16
	0x69f20		close_d32_execute
PADDING_ALIGNMENT	0x6a8c4	0xc	0x0
.text	0x6a8d0	0x758	hexagon_Release_dynamic_toolv83_v66/op_close_16.o	#SHT_PROGBITS,SHF_ALLOC|SHF_EXECINSTR,16
	0x6a8d0		close_16tof_execute
PADDING_ALIGNMENT	0x6b028	0x8	0x0
.text	0x6b030	0xed0	hexagon_Release_dynamic_toolv83_v66/op_convert_16.o	#SHT_PROGBITS,SHF_ALLOC|SHF_EXECINSTR,16
	0x6b030		dequant_16_execute
	0x6b154		quant_x16_execute
	0x6b378		cvt_8_16_execute
	0x6b50c		cvt_8_u16_execute
	0x6b688		cvt_x16_8_execute
	0x6ba38		cvt_x16_8_check
	0x6bad8		cvt_x16_x16_execute
	0x6bec0		cvt_x16_x16_worker
.text	0x6bf00	0x794	hexagon_Release_dynamic_toolv83_v66/op_concat.o	#SHT_PROGBITS,SHF_ALLOC|SHF_EXECINSTR,16
	0x6bf00		concat_execute_asm
	0x6bf10		concat_check
	0x6bfc0		concat_execute_ref
	0x6bfcc		concat_execute
	0x6c314		concat_execute_slice_asm
	0x6c4c4		concat_execute_slice_ref
PADDING_ALIGNMENT	0x6c694	0xc	0x0
.text	0x6c6a0	0x368	hexagon_Release_dynamic_toolv83_v66/op_const.o	#SHT_PROGBITS,SHF_ALLOC|SHF_EXECINSTR,16
	0x6c6a0		hexagon_nn_empty_const_ctor
	0x6c850		hexagon_nn_populate_const
	0x6c8a8		hexagon_nn_const_ctor
	0x6c8d8		const_execute
	0x6c8dc		const_check
	0x6c970		const_ctor
	0x6c990		const_dtor
PADDING_ALIGNMENT	0x6ca08	0x18	0x0
.text	0x6ca20	0x108c	hexagon_Release_dynamic_toolv83_v66/op_conv2d.o	#SHT_PROGBITS,SHF_ALLOC|SHF_EXECINSTR,32
	0x6ca20		conv2d_execute_ref
	0x6d204		conv2d_u16_execute_ref
.text	0x6daac	0x270	hexagon_Release_dynamic_toolv83_v66/op_flatten.o	#SHT_PROGBITS,SHF_ALLOC|SHF_EXECINSTR,4
	0x6daac		flatten_execute
	0x6dbd8		qflatten_execute
PADDING_ALIGNMENT	0x6dd1c	0x4	0x0
.text	0x6dd20	0x844	hexagon_Release_dynamic_toolv83_v66/op_input.o	#SHT_PROGBITS,SHF_ALLOC|SHF_EXECINSTR,16
	0x6dd20		input_execute
	0x6e450		input_check
	0x6e540		input_dtor
PADDING_ALIGNMENT	0x6e564	0x1c	0x0
.text	0x6e580	0xb74	hexagon_Release_dynamic_toolv83_v66/op_matmul.o	#SHT_PROGBITS,SHF_ALLOC|SHF_EXECINSTR,32
	0x6e580		matmul_execute_asm
	0x6e590		matmul_check_ref
	0x6e758		matmul_ctor
	0x6e7c0		matmul_dtor
	0x6e7f0		matmul_execute_ref
	0x6e800		matmul_launch
	0x6e878		matmul_asm
	0x6ebd0		matmul_worker
	0x6ef90		matmul_ref
PADDING_ALIGNMENT	0x6f0f4	0xc	0x0
.text	0x6f100	0xa5c	hexagon_Release_dynamic_toolv83_v66/op_maxpool.o	#SHT_PROGBITS,SHF_ALLOC|SHF_EXECINSTR,32
	0x6f100		maxpool_execute_asm
	0x6f110		maxpool_execute_ref
	0x6f120		maxpool_execute
	0x6f430		maxpool_execute_slice_asm
[...]
.data.nn_ops_for_QuantizedRoiPool_8	0xfcfc8	0x24	hexagon_Release_dynamic_toolv83_v66/op_roipool.o	#SHT_PROGBITS,SHF_ALLOC|SHF_WRITE,4
	0xfcfc8		nn_ops_for_QuantizedRoiPool_8
.data.nn_ops_for_QuantizedRoiPool_8_ref	0xfcfec	0x24	hexagon_Release_dynamic_toolv83_v66/op_roipool.o	#SHT_PROGBITS,SHF_ALLOC|SHF_WRITE,4
	0xfcfec		nn_ops_for_QuantizedRoiPool_8_ref
.data.nn_ops_for_Proposal_f	0xfd010	0x24	hexagon_Release_dynamic_toolv83_v66/op_proposal.o	#SHT_PROGBITS,SHF_ALLOC|SHF_WRITE,4
	0xfd010		nn_ops_for_Proposal_f
.data.nn_ops_for_Implode_8_ref	0xfd034	0x24	hexagon_Release_dynamic_toolv83_v66/op_implode_batch.o	#SHT_PROGBITS,SHF_ALLOC|SHF_WRITE,4
	0xfd034		nn_ops_for_Implode_8_ref
.data.nn_ops_for_Implode_8	0xfd058	0x24	hexagon_Release_dynamic_toolv83_v66/op_implode_batch.o	#SHT_PROGBITS,SHF_ALLOC|SHF_WRITE,4
	0xfd058		nn_ops_for_Implode_8
.data.nn_ops_for_Bbox_Transform_f	0xfd07c	0x24	hexagon_Release_dynamic_toolv83_v66/op_bbox_transform.o	#SHT_PROGBITS,SHF_ALLOC|SHF_WRITE,4
	0xfd07c		nn_ops_for_Bbox_Transform_f
.data.nn_ops_for_QuantizedFakeConcat_8_d32	0xfd0a0	0x24	hexagon_Release_dynamic_toolv83_v66/op_fake_concat_d32.o	#SHT_PROGBITS,SHF_ALLOC|SHF_WRITE,4
	0xfd0a0		nn_ops_for_QuantizedFakeConcat_8_d32
.data.nn_ops_for_HeatmapMaxKP_f	0xfd0c4	0x24	hexagon_Release_dynamic_toolv83_v66/op_heatmap_maxkp.o	#SHT_PROGBITS,SHF_ALLOC|SHF_WRITE,4
	0xfd0c4		nn_ops_for_HeatmapMaxKP_f
.data.nn_ops_for_QuantizedHeatmapMaxKP_8	0xfd0e8	0x24	hexagon_Release_dynamic_toolv83_v66/op_heatmap_maxkp.o	#SHT_PROGBITS,SHF_ALLOC|SHF_WRITE,4
	0xfd0e8		nn_ops_for_QuantizedHeatmapMaxKP_8
.data.nn_ops_for_OemNode	0xfd10c	0x24	hexagon_Release_dynamic_toolv83_v66/op_oemnode.o	#SHT_PROGBITS,SHF_ALLOC|SHF_WRITE,4
	0xfd10c		nn_ops_for_OemNode
.data.nn_ops_for_QuantizedSqrt_8	0xfd130	0x24	hexagon_Release_dynamic_toolv83_v66/op_sqrt.o	#SHT_PROGBITS,SHF_ALLOC|SHF_WRITE,4
	0xfd130		nn_ops_for_QuantizedSqrt_8
.data.nn_ops_for_SuperFC_8x8p32to8_ref	0xfd154	0x24	hexagon_Release_dynamic_toolv83_v66/op_superfc_d32.o	#SHT_PROGBITS,SHF_ALLOC|SHF_WRITE,4
	0xfd154		nn_ops_for_SuperFC_8x8p32to8_ref
.data.nn_ops_for_SuperFC_8x8p32to8	0xfd178	0x24	hexagon_Release_dynamic_toolv83_v66/op_superfc_d32.o	#SHT_PROGBITS,SHF_ALLOC|SHF_WRITE,4
	0xfd178		nn_ops_for_SuperFC_8x8p32to8
.data.nn_ops_for_SuperFC_8x8p32to8_d32	0xfd19c	0x24	hexagon_Release_dynamic_toolv83_v66/op_superfc_d32.o	#SHT_PROGBITS,SHF_ALLOC|SHF_WRITE,4
	0xfd19c		nn_ops_for_SuperFC_8x8p32to8_d32
.data.nn_ops_for_Close_16b_d32	0xfd1c0	0x24	hexagon_Release_dynamic_toolv83_v66/op_close_16b_d32.o	#SHT_PROGBITS,SHF_ALLOC|SHF_WRITE,4
	0xfd1c0		nn_ops_for_Close_16b_d32
.data.nn_ops_for_Close_u16b_d32	0xfd1e4	0x24	hexagon_Release_dynamic_toolv83_v66/op_close_16b_d32.o	#SHT_PROGBITS,SHF_ALLOC|SHF_WRITE,4
	0xfd1e4		nn_ops_for_Close_u16b_d32
.data.nn_ops_for_QuantizeForTest_16b_d32	0xfd208	0x24	hexagon_Release_dynamic_toolv83_v66/op_quantfortest_16b_d32.o	#SHT_PROGBITS,SHF_ALLOC|SHF_WRITE,4
	0xfd208		nn_ops_for_QuantizeForTest_16b_d32
.data.nn_ops_for_QuantizeForTest_u16b_d32	0xfd22c	0x24	hexagon_Release_dynamic_toolv83_v66/op_quantfortest_16b_d32.o	#SHT_PROGBITS,SHF_ALLOC|SHF_WRITE,4
	0xfd22c		nn_ops_for_QuantizeForTest_u16b_d32
.data.nn_ops_for_Supernode_u16x16p16to16_d32	0xfd250	0x24	hexagon_Release_dynamic_toolv83_v66/op_supernode_16b.o	#SHT_PROGBITS,SHF_ALLOC|SHF_WRITE,4
	0xfd250		nn_ops_for_Supernode_u16x16p16to16_d32
.data.nn_ops_for_Supernode_u16x16p32to16_d32	0xfd274	0x24	hexagon_Release_dynamic_toolv83_v66/op_supernode_16b.o	#SHT_PROGBITS,SHF_ALLOC|SHF_WRITE,4
	0xfd274		nn_ops_for_Supernode_u16x16p32to16_d32
.data.nn_ops_for_InputSupernode_16x16p16to16_outd32	0xfd298	0x24	hexagon_Release_dynamic_toolv83_v66/op_supernode_16b.o	#SHT_PROGBITS,SHF_ALLOC|SHF_WRITE,4
	0xfd298		nn_ops_for_InputSupernode_16x16p16to16_outd32
.data.nn_ops_for_InputSupernode_16x16p32to16_outd32	0xfd2bc	0x24	hexagon_Release_dynamic_toolv83_v66/op_supernode_16b.o	#SHT_PROGBITS,SHF_ALLOC|SHF_WRITE,4
	0xfd2bc		nn_ops_for_InputSupernode_16x16p32to16_outd32
.data.nn_ops_for_Box_Decoder_f	0xfd2e0	0x24	hexagon_Release_dynamic_toolv83_v66/op_box_decoder.o	#SHT_PROGBITS,SHF_ALLOC|SHF_WRITE,4
	0xfd2e0		nn_ops_for_Box_Decoder_f
.data.nn_ops_for_QuantizedExtractGlimpse_8	0xfd304	0x24	hexagon_Release_dynamic_toolv83_v66/op_extract_glimpse.o	#SHT_PROGBITS,SHF_ALLOC|SHF_WRITE,4
	0xfd304		nn_ops_for_QuantizedExtractGlimpse_8
.data.nn_ops_for_QuantizedTile_8	0xfd328	0x24	hexagon_Release_dynamic_toolv83_v66/op_tile.o	#SHT_PROGBITS,SHF_ALLOC|SHF_WRITE,4
	0xfd328		nn_ops_for_QuantizedTile_8
.data.nn_ops_for_QuantizedMax_8	0xfd34c	0x24	hexagon_Release_dynamic_toolv83_v66/op_reduce_8.o	#SHT_PROGBITS,SHF_ALLOC|SHF_WRITE,4
	0xfd34c		nn_ops_for_QuantizedMax_8
.data.nn_ops_for_QuantizedMin_8	0xfd370	0x24	hexagon_Release_dynamic_toolv83_v66/op_reduce_8.o	#SHT_PROGBITS,SHF_ALLOC|SHF_WRITE,4
	0xfd370		nn_ops_for_QuantizedMin_8
.data.nn_ops_for_QuantizedSum_8to32	0xfd394	0x24	hexagon_Release_dynamic_toolv83_v66/op_reducing_sum.o	#SHT_PROGBITS,SHF_ALLOC|SHF_WRITE,4
	0xfd394		nn_ops_for_QuantizedSum_8to32
.data.nn_ops_for_MultiClassNms_f	0xfd3b8	0x24	hexagon_Release_dynamic_toolv83_v66/op_multiclassnms_f.o	#SHT_PROGBITS,SHF_ALLOC|SHF_WRITE,4
	0xfd3b8		nn_ops_for_MultiClassNms_f
.data.nn_ops_for_ImageTransform_f	0xfd3dc	0x24	hexagon_Release_dynamic_toolv83_v66/op_image_transform_f.o	#SHT_PROGBITS,SHF_ALLOC|SHF_WRITE,4
	0xfd3dc		nn_ops_for_ImageTransform_f
.data.nn_ops_for_Convert_to_aix_d32	0xfd400	0x24	hexagon_Release_dynamic_toolv83_v66/op_convert_aix_d32.o	#SHT_PROGBITS,SHF_ALLOC|SHF_WRITE,4
	0xfd400		nn_ops_for_Convert_to_aix_d32
.data.nn_ops_for_Convert_to_aix_d32_d32	0xfd424	0x24	hexagon_Release_dynamic_toolv83_v66/op_convert_aix_d32.o	#SHT_PROGBITS,SHF_ALLOC|SHF_WRITE,4
	0xfd424		nn_ops_for_Convert_to_aix_d32_d32
.data.nn_ops_for_Convert_from_aix	0xfd448	0x24	hexagon_Release_dynamic_toolv83_v66/op_convert_aix_d32.o	#SHT_PROGBITS,SHF_ALLOC|SHF_WRITE,4
	0xfd448		nn_ops_for_Convert_from_aix
.data.nn_ops_for_Convert_from_aix_d32	0xfd46c	0x24	hexagon_Release_dynamic_toolv83_v66/op_convert_aix_d32.o	#SHT_PROGBITS,SHF_ALLOC|SHF_WRITE,4
	0xfd46c		nn_ops_for_Convert_from_aix_d32
.data.nn_ops_for_Supernode3322_8x8p8to8	0xfd490	0x24	hexagon_Release_dynamic_toolv83_v66/op_supernode3322.o	#SHT_PROGBITS,SHF_ALLOC|SHF_WRITE,4
	0xfd490		nn_ops_for_Supernode3322_8x8p8to8
.data.nn_ops_for_Supernode3322_8x8p32to8	0xfd4b4	0x24	hexagon_Release_dynamic_toolv83_v66/op_supernode3322.o	#SHT_PROGBITS,SHF_ALLOC|SHF_WRITE,4
	0xfd4b4		nn_ops_for_Supernode3322_8x8p32to8
.data.nn_ops_for_Convert_int32_f	0xfd4d8	0x24	hexagon_Release_dynamic_toolv83_v66/op_convert_datatype.o	#SHT_PROGBITS,SHF_ALLOC|SHF_WRITE,4
	0xfd4d8		nn_ops_for_Convert_int32_f
.data.nn_ops_for_ArgMax_8toInt32	0xfd4fc	0x24	hexagon_Release_dynamic_toolv83_v66/op_argmax.o	#SHT_PROGBITS,SHF_ALLOC|SHF_WRITE,4
	0xfd4fc		nn_ops_for_ArgMax_8toInt32
.data.nn_ops_for_ArgMax_8	0xfd520	0x24	hexagon_Release_dynamic_toolv83_v66/op_argmax.o	#SHT_PROGBITS,SHF_ALLOC|SHF_WRITE,4
	0xfd520		nn_ops_for_ArgMax_8
.data.nn_ops_for_ArgMax_ftoInt32	0xfd544	0x24	hexagon_Release_dynamic_toolv83_v66/op_argmax_f.o	#SHT_PROGBITS,SHF_ALLOC|SHF_WRITE,4
	0xfd544		nn_ops_for_ArgMax_ftoInt32
.data.nn_ops_for_TopK_f	0xfd568	0x24	hexagon_Release_dynamic_toolv83_v66/op_topk_f.o	#SHT_PROGBITS,SHF_ALLOC|SHF_WRITE,4
	0xfd568		nn_ops_for_TopK_f
.data.nn_ops_for_TopK_8	0xfd58c	0x24	hexagon_Release_dynamic_toolv83_v66/op_topk_q.o	#SHT_PROGBITS,SHF_ALLOC|SHF_WRITE,4
	0xfd58c		nn_ops_for_TopK_8
.data.nn_ops_for_CastInt32ToFloat32	0xfd5b0	0x24	hexagon_Release_dynamic_toolv83_v66/op_cast.o	#SHT_PROGBITS,SHF_ALLOC|SHF_WRITE,4
	0xfd5b0		nn_ops_for_CastInt32ToFloat32
.data.nn_ops_for_CastUInt8ToFloat32	0xfd5d4	0x24	hexagon_Release_dynamic_toolv83_v66/op_cast.o	#SHT_PROGBITS,SHF_ALLOC|SHF_WRITE,4
	0xfd5d4		nn_ops_for_CastUInt8ToFloat32
.data.nn_ops_for_CastFloat32ToInt32	0xfd5f8	0x24	hexagon_Release_dynamic_toolv83_v66/op_cast.o	#SHT_PROGBITS,SHF_ALLOC|SHF_WRITE,4
	0xfd5f8		nn_ops_for_CastFloat32ToInt32
.data.nn_ops_for_CastUInt8ToInt32	0xfd61c	0x24	hexagon_Release_dynamic_toolv83_v66/op_cast.o	#SHT_PROGBITS,SHF_ALLOC|SHF_WRITE,4
	0xfd61c		nn_ops_for_CastUInt8ToInt32
.data.nn_ops_for_CastInt32ToUInt8	0xfd640	0x24	hexagon_Release_dynamic_toolv83_v66/op_cast.o	#SHT_PROGBITS,SHF_ALLOC|SHF_WRITE,4
	0xfd640		nn_ops_for_CastInt32ToUInt8
.data.nn_ops_for_CastFloat32ToUInt8	0xfd664	0x24	hexagon_Release_dynamic_toolv83_v66/op_cast.o	#SHT_PROGBITS,SHF_ALLOC|SHF_WRITE,4
	0xfd664		nn_ops_for_CastFloat32ToUInt8
.data.nn_ops_for_AxisShuffle_int32	0xfd688	0x24	hexagon_Release_dynamic_toolv83_v66/op_axisshuffle.o	#SHT_PROGBITS,SHF_ALLOC|SHF_WRITE,4
	0xfd688		nn_ops_for_AxisShuffle_int32
.data.nn_ops_for_AxisShuffle_f	0xfd6ac	0x24	hexagon_Release_dynamic_toolv83_v66/op_axisshuffle.o	#SHT_PROGBITS,SHF_ALLOC|SHF_WRITE,4
	0xfd6ac		nn_ops_for_AxisShuffle_f
.data.nn_ops_for_AxisShuffle_8	0xfd6d0	0x24	hexagon_Release_dynamic_toolv83_v66/op_axisshuffle.o	#SHT_PROGBITS,SHF_ALLOC|SHF_WRITE,4
	0xfd6d0		nn_ops_for_AxisShuffle_8
.data.nn_ops_for_AxisShuffle_16	0xfd6f4	0x24	hexagon_Release_dynamic_toolv83_v66/op_axisshuffle.o	#SHT_PROGBITS,SHF_ALLOC|SHF_WRITE,4
	0xfd6f4		nn_ops_for_AxisShuffle_16
.data.nn_ops_for_Moments_8to32	0xfd718	0x24	hexagon_Release_dynamic_toolv83_v66/op_moments.o	#SHT_PROGBITS,SHF_ALLOC|SHF_WRITE,4
	0xfd718		nn_ops_for_Moments_8to32
.data.nn_ops_for_Moments_f	0xfd73c	0x24	hexagon_Release_dynamic_toolv83_v66/op_moments.o	#SHT_PROGBITS,SHF_ALLOC|SHF_WRITE,4
	0xfd73c		nn_ops_for_Moments_f
.data.nn_ops_for_ArgMin_8	0xfd760	0x24	hexagon_Release_dynamic_toolv83_v66/op_argmin.o	#SHT_PROGBITS,SHF_ALLOC|SHF_WRITE,4
	0xfd760		nn_ops_for_ArgMin_8
.data.nn_ops_for_Select_f	0xfd784	0x24	hexagon_Release_dynamic_toolv83_v66/op_select_f.o	#SHT_PROGBITS,SHF_ALLOC|SHF_WRITE,4
	0xfd784		nn_ops_for_Select_f
.data.nn_ops_for_Select_8	0xfd7a8	0x24	hexagon_Release_dynamic_toolv83_v66/op_select_8.o	#SHT_PROGBITS,SHF_ALLOC|SHF_WRITE,4
	0xfd7a8		nn_ops_for_Select_8
.data.nn_ops_for_QuantizedTransposeConv2d_8x8p32to8	0xfd7cc	0x24	hexagon_Release_dynamic_toolv83_v66/op_transpose_conv.o	#SHT_PROGBITS,SHF_ALLOC|SHF_WRITE,4
	0xfd7cc		nn_ops_for_QuantizedTransposeConv2d_8x8p32to8
.data.nn_ops_for_QuantizedTransposeConv2d_16x16p32to16	0xfd7f0	0x24	hexagon_Release_dynamic_toolv83_v66/op_transpose_conv.o	#SHT_PROGBITS,SHF_ALLOC|SHF_WRITE,4
	0xfd7f0		nn_ops_for_QuantizedTransposeConv2d_16x16p32to16
.data.nn_ops_for_QuantizedGroupedConv2d_8x8p32to8	0xfd814	0x24	hexagon_Release_dynamic_toolv83_v66/op_grouped_conv.o	#SHT_PROGBITS,SHF_ALLOC|SHF_WRITE,4
	0xfd814		nn_ops_for_QuantizedGroupedConv2d_8x8p32to8
PADDING_ALIGNMENT	0xfd838	0x8	0x0
.data.alpha_controls	0xfd840	0x80	hexagon_Release_dynamic_toolv83_v66/op_prelu_v2_d32.o	#SHT_PROGBITS,SHF_ALLOC|SHF_WRITE,64
	0xfd840		alpha_controls
.data.nn_ops_for_QuantizedPRelu_8_V2	0xfd8c0	0x24	hexagon_Release_dynamic_toolv83_v66/op_prelu_v2_d32.o	#SHT_PROGBITS,SHF_ALLOC|SHF_WRITE,4
	0xfd8c0		nn_ops_for_QuantizedPRelu_8_V2
.data.nn_ops_for_QuantizedPRelu_8_V2_d32	0xfd8e4	0x24	hexagon_Release_dynamic_toolv83_v66/op_prelu_v2_d32.o	#SHT_PROGBITS,SHF_ALLOC|SHF_WRITE,4
	0xfd8e4		nn_ops_for_QuantizedPRelu_8_V2_d32
.data.nn_ops_for_QuantizedMean_8	0xfd908	0x24	hexagon_Release_dynamic_toolv83_v66/op_reducing_mean.o	#SHT_PROGBITS,SHF_ALLOC|SHF_WRITE,4
	0xfd908		nn_ops_for_QuantizedMean_8
.data.nn_ops_for_MultiClassNms_8	0xfd92c	0x24	hexagon_Release_dynamic_toolv83_v66/op_multiclassnms_8.o	#SHT_PROGBITS,SHF_ALLOC|SHF_WRITE,4
	0xfd92c		nn_ops_for_MultiClassNms_8
.data.nn_ops_for_QuantizedDilatedConv2d_8x8p32to8	0xfd950	0x24	hexagon_Release_dynamic_toolv83_v66/op_dilated_conv.o	#SHT_PROGBITS,SHF_ALLOC|SHF_WRITE,4
	0xfd950		nn_ops_for_QuantizedDilatedConv2d_8x8p32to8
.data.nn_ops_for_QuantizedConcat_u16	0xfd974	0x24	hexagon_Release_dynamic_toolv83_v66/op_concat_16.o	#SHT_PROGBITS,SHF_ALLOC|SHF_WRITE,4
	0xfd974		nn_ops_for_QuantizedConcat_u16
.data.nn_ops_for_QuantizedConcat_u16_ref	0xfd998	0x24	hexagon_Release_dynamic_toolv83_v66/op_concat_16.o	#SHT_PROGBITS,SHF_ALLOC|SHF_WRITE,4
	0xfd998		nn_ops_for_QuantizedConcat_u16_ref
.data.nn_ops_for_QuantizedEqual_8	0xfd9bc	0x24	hexagon_Release_dynamic_toolv83_v66/op_compare_8.o	#SHT_PROGBITS,SHF_ALLOC|SHF_WRITE,4
	0xfd9bc		nn_ops_for_QuantizedEqual_8
.data.nn_ops_for_QuantizedNotEqual_8	0xfd9e0	0x24	hexagon_Release_dynamic_toolv83_v66/op_compare_8.o	#SHT_PROGBITS,SHF_ALLOC|SHF_WRITE,4
	0xfd9e0		nn_ops_for_QuantizedNotEqual_8
.data.nn_ops_for_QuantizedLess_8	0xfda04	0x24	hexagon_Release_dynamic_toolv83_v66/op_compare_8.o	#SHT_PROGBITS,SHF_ALLOC|SHF_WRITE,4
	0xfda04		nn_ops_for_QuantizedLess_8
.data.nn_ops_for_QuantizedLessEqual_8	0xfda28	0x24	hexagon_Release_dynamic_toolv83_v66/op_compare_8.o	#SHT_PROGBITS,SHF_ALLOC|SHF_WRITE,4
	0xfda28		nn_ops_for_QuantizedLessEqual_8
.data.nn_ops_for_QuantizedGreater_8	0xfda4c	0x24	hexagon_Release_dynamic_toolv83_v66/op_compare_8.o	#SHT_PROGBITS,SHF_ALLOC|SHF_WRITE,4
	0xfda4c		nn_ops_for_QuantizedGreater_8
.data.nn_ops_for_QuantizedGreaterEqual_8	0xfda70	0x24	hexagon_Release_dynamic_toolv83_v66/op_compare_8.o	#SHT_PROGBITS,SHF_ALLOC|SHF_WRITE,4
	0xfda70		nn_ops_for_QuantizedGreaterEqual_8
.data.nn_ops_for_Ceil_f	0xfda94	0x24	hexagon_Release_dynamic_toolv83_v66/op_round.o	#SHT_PROGBITS,SHF_ALLOC|SHF_WRITE,4
	0xfda94		nn_ops_for_Ceil_f
.data.nn_ops_for_Floor_f	0xfdab8	0x24	hexagon_Release_dynamic_toolv83_v66/op_round.o	#SHT_PROGBITS,SHF_ALLOC|SHF_WRITE,4
	0xfdab8		nn_ops_for_Floor_f
.data.nn_ops_for_Round_f	0xfdadc	0x24	hexagon_Release_dynamic_toolv83_v66/op_round.o	#SHT_PROGBITS,SHF_ALLOC|SHF_WRITE,4
	0xfdadc		nn_ops_for_Round_f
.data.nn_ops_for_DepthwiseSupernode_16x16p16to16	0xfdb00	0x24	hexagon_Release_dynamic_toolv83_v66/op_dwise_snode_16bit.o	#SHT_PROGBITS,SHF_ALLOC|SHF_WRITE,4
	0xfdb00		nn_ops_for_DepthwiseSupernode_16x16p16to16
.data.nn_ops_for_DepthwiseSupernode_16x16p16to16_d32	0xfdb24	0x24	hexagon_Release_dynamic_toolv83_v66/op_dwise_snode_16bit.o	#SHT_PROGBITS,SHF_ALLOC|SHF_WRITE,4
	0xfdb24		nn_ops_for_DepthwiseSupernode_16x16p16to16_d32
.data.nn_ops_for_DepthwiseSupernode_16x16p32to16_d32	0xfdb48	0x24	hexagon_Release_dynamic_toolv83_v66/op_dwise_snode_16bit.o	#SHT_PROGBITS,SHF_ALLOC|SHF_WRITE,4
	0xfdb48		nn_ops_for_DepthwiseSupernode_16x16p32to16_d32
.data.nn_ops_for_DepthwiseSupernode_16x16p32to16	0xfdb6c	0x24	hexagon_Release_dynamic_toolv83_v66/op_dwise_snode_16bit.o	#SHT_PROGBITS,SHF_ALLOC|SHF_WRITE,4
	0xfdb6c		nn_ops_for_DepthwiseSupernode_16x16p32to16
.data.nn_ops_for_ArgMax_8_d32	0xfdb90	0x24	hexagon_Release_dynamic_toolv83_v66/op_argminmax_8_d32.o	#SHT_PROGBITS,SHF_ALLOC|SHF_WRITE,4
	0xfdb90		nn_ops_for_ArgMax_8_d32
.data.nn_ops_for_ArgMin_8_d32	0xfdbb4	0x24	hexagon_Release_dynamic_toolv83_v66/op_argminmax_8_d32.o	#SHT_PROGBITS,SHF_ALLOC|SHF_WRITE,4
	0xfdbb4		nn_ops_for_ArgMin_8_d32
.data.nn_ops_for_QuantizedRoiPool_8_v2	0xfdbd8	0x24	hexagon_Release_dynamic_toolv83_v66/op_roipool_v2.o	#SHT_PROGBITS,SHF_ALLOC|SHF_WRITE,4
	0xfdbd8		nn_ops_for_QuantizedRoiPool_8_v2
.data.nn_ops_for_QuantizedRoiPool_8_ref_v2	0xfdbfc	0x24	hexagon_Release_dynamic_toolv83_v66/op_roipool_v2.o	#SHT_PROGBITS,SHF_ALLOC|SHF_WRITE,4
	0xfdbfc		nn_ops_for_QuantizedRoiPool_8_ref_v2
.data.nn_ops_for_AxisAlignedBBoxTransform_f	0xfdc20	0x24	hexagon_Release_dynamic_toolv83_v66/op_axis_aligned_bbox_transform_f.o	#SHT_PROGBITS,SHF_ALLOC|SHF_WRITE,4
	0xfdc20		nn_ops_for_AxisAlignedBBoxTransform_f
.data.nn_ops_for_AxisAlignedBBoxTransform_q8q16	0xfdc44	0x24	hexagon_Release_dynamic_toolv83_v66/op_axis_aligned_bbox_transform_q8q16.o	#SHT_PROGBITS,SHF_ALLOC|SHF_WRITE,4
	0xfdc44		nn_ops_for_AxisAlignedBBoxTransform_q8q16
.data.nn_ops_for_DepthwiseSupernode_8x8p8to8_d32	0xfdc68	0x24	hexagon_Release_dynamic_toolv83_v66/op_dwise_snode_8bit.o	#SHT_PROGBITS,SHF_ALLOC|SHF_WRITE,4
	0xfdc68		nn_ops_for_DepthwiseSupernode_8x8p8to8_d32
.data.nn_ops_for_DepthwiseSupernode_8x8p32to8_d32	0xfdc8c	0x24	hexagon_Release_dynamic_toolv83_v66/op_dwise_snode_8bit.o	#SHT_PROGBITS,SHF_ALLOC|SHF_WRITE,4
	0xfdc8c		nn_ops_for_DepthwiseSupernode_8x8p32to8_d32
.data.nn_ops_for_QuantizedChannelScale_32xf	0xfdcb0	0x24	hexagon_Release_dynamic_toolv83_v66/op_channelscale.o	#SHT_PROGBITS,SHF_ALLOC|SHF_WRITE,4
	0xfdcb0		nn_ops_for_QuantizedChannelScale_32xf
.data.nn_ops_for_QuantizedHashtableLookup_8	0xfdcd4	0x24	hexagon_Release_dynamic_toolv83_v66/op_hashtable_lookup.o	#SHT_PROGBITS,SHF_ALLOC|SHF_WRITE,4
	0xfdcd4		nn_ops_for_QuantizedHashtableLookup_8
.data.nn_ops_for_Proposal_q8q16	0xfdcf8	0x24	hexagon_Release_dynamic_toolv83_v66/op_proposal_8.o	#SHT_PROGBITS,SHF_ALLOC|SHF_WRITE,4
	0xfdcf8		nn_ops_for_Proposal_q8q16
.data.nn_ops_for_BoxWithNmsLimit_f	0xfdd1c	0x24	hexagon_Release_dynamic_toolv83_v66/op_box_with_nms_limit_f.o	#SHT_PROGBITS,SHF_ALLOC|SHF_WRITE,4
	0xfdd1c		nn_ops_for_BoxWithNmsLimit_f
.data.nn_ops_for_BoxWithNmsLimit_q8q16	0xfdd40	0x24	hexagon_Release_dynamic_toolv83_v66/op_box_with_nms_limit_q8q16.o	#SHT_PROGBITS,SHF_ALLOC|SHF_WRITE,4
	0xfdd40		nn_ops_for_BoxWithNmsLimit_q8q16
.data.nn_ops_for_L2Normalize_8	0xfdd64	0x24	hexagon_Release_dynamic_toolv83_v66/op_l2normalize_8.o	#SHT_PROGBITS,SHF_ALLOC|SHF_WRITE,4
	0xfdd64		nn_ops_for_L2Normalize_8
.data.nn_ops_for_LSHProjection	0xfdd88	0x24	hexagon_Release_dynamic_toolv83_v66/op_lsh_projection.o	#SHT_PROGBITS,SHF_ALLOC|SHF_WRITE,4
	0xfdd88		nn_ops_for_LSHProjection
.data.nn_ops_for_QuantizedCorrelation1d_8x8to8	0xfddac	0x24	hexagon_Release_dynamic_toolv83_v66/op_correlation1d.o	#SHT_PROGBITS,SHF_ALLOC|SHF_WRITE,4
	0xfddac		nn_ops_for_QuantizedCorrelation1d_8x8to8
.data.nn_ops_for_QuantizedCorrelation1d_8x8to8_ref	0xfddd0	0x24	hexagon_Release_dynamic_toolv83_v66/op_correlation1d.o	#SHT_PROGBITS,SHF_ALLOC|SHF_WRITE,4
	0xfddd0		nn_ops_for_QuantizedCorrelation1d_8x8to8_ref
.data.nn_ops_for_L2Normalize_8_ref	0xfddf4	0x24	hexagon_Release_dynamic_toolv83_v66/op_l2normalize_8_ref.o	#SHT_PROGBITS,SHF_ALLOC|SHF_WRITE,4
	0xfddf4		nn_ops_for_L2Normalize_8_ref
.data.nn_ops_for_SsdDetectionOut	0xfde18	0x24	hexagon_Release_dynamic_toolv83_v66/op_ssd_detection_out.o	#SHT_PROGBITS,SHF_ALLOC|SHF_WRITE,4
	0xfde18		nn_ops_for_SsdDetectionOut
.data.nn_ops_for_QuantizedLoss_8	0xfde3c	0x24	hexagon_Release_dynamic_toolv83_v66/op_loss.o	#SHT_PROGBITS,SHF_ALLOC|SHF_WRITE,4
	0xfde3c		nn_ops_for_QuantizedLoss_8
.data.nn_ops_for_QuantizedLoss_8_ref	0xfde60	0x24	hexagon_Release_dynamic_toolv83_v66/op_loss.o	#SHT_PROGBITS,SHF_ALLOC|SHF_WRITE,4
	0xfde60		nn_ops_for_QuantizedLoss_8_ref
.data.nn_ops_for_QuantizedMaxPoolGrad_8	0xfde84	0x24	hexagon_Release_dynamic_toolv83_v66/op_maxpoolgrad.o	#SHT_PROGBITS,SHF_ALLOC|SHF_WRITE,4
	0xfde84		nn_ops_for_QuantizedMaxPoolGrad_8
.data.nn_ops_for_QuantizedMaxPoolGrad_8_ref	0xfdea8	0x24	hexagon_Release_dynamic_toolv83_v66/op_maxpoolgrad.o	#SHT_PROGBITS,SHF_ALLOC|SHF_WRITE,4
	0xfdea8		nn_ops_for_QuantizedMaxPoolGrad_8_ref
.data.nn_ops_for_Quantized_CastUInt8ToInt8	0xfdecc	0x24	hexagon_Release_dynamic_toolv83_v66/op_quantized_cast.o	#SHT_PROGBITS,SHF_ALLOC|SHF_WRITE,4
	0xfdecc		nn_ops_for_Quantized_CastUInt8ToInt8
.data.nn_ops_for_Quantized_CastInt8ToUInt8	0xfdef0	0x24	hexagon_Release_dynamic_toolv83_v66/op_quantized_cast.o	#SHT_PROGBITS,SHF_ALLOC|SHF_WRITE,4
	0xfdef0		nn_ops_for_Quantized_CastInt8ToUInt8

.bss	0xfdf80	0x100 # Offset: 0xfdf14, LMA: 0xfdf80, Alignment: 0x80
.bss	0xfdf80	0x4	hexagon_Release_dynamic_toolv83_v66/prepare.o	#SHT_NOBITS,SHF_ALLOC|SHF_WRITE,4
	0xfdf80		log_buffer
.bss	0xfdf84	0x1	hexagon_Release_dynamic_toolv83_v66/op_add.o	#SHT_NOBITS,SHF_ALLOC|SHF_WRITE,1
	0xfdf84		operator
PADDING_ALIGNMENT	0xfdf85	0x7b	0x0
.bss	0xfe000	0x80	hexagon_Release_dynamic_toolv83_v66/op_correlation1d.o	#SHT_NOBITS,SHF_ALLOC|SHF_WRITE,128
	0xfe000		vector_scalars

.comment	0xfdf14	0x69 # Offset: 0xfdf14, Alignment: 0x1
.comment	0xfdf52	0x2b	Linker Version	#SHT_PROGBITS,SHF_MERGE|SHF_STRINGS,1

.shstrtab	0xfdf7d	0xb4 # Offset: 0xfdf7d, Alignment: 0x1

.symtab	0xfe034	0x14550 # Offset: 0xfe034, Alignment: 0x4

.strtab	0x112584	0x13e15 # Offset: 0x112584, Alignment: 0x1
