Archive member included to satisfy reference by file (symbol)

/data2/xudaliang/projects/Qualcomm-environment/Hexagon_SDK/3.5.2/libs/common/rpcmem/android_Release_aarch64/ship/rpcmem.a(rpcmem_android.o)
                              android_Release_aarch64/global_interface.o (rpcmem_deinit)

Discarded input sections

 .note.GNU-stack
                0x0000000000000000        0x0 android_Release_aarch64/global_interface.o
 .note.GNU-stack
                0x0000000000000000        0x0 android_Release_aarch64/hexagon_nn_stub.o
 .note.GNU-stack
                0x0000000000000000        0x0 android_Release_aarch64/dspCV_stub.o
 .note.GNU-stack
                0x0000000000000000        0x0 /data2/xudaliang/projects/Qualcomm-environment/Hexagon_SDK/3.5.2/libs/common/rpcmem/android_Release_aarch64/ship/rpcmem.a(rpcmem_android.o)

Memory Configuration

Name             Origin             Length             Attributes
*default*        0x0000000000000000 0xffffffffffffffff

Linker script and memory map

LOAD /data2/xudaliang/projects/Qualcomm-environment/Hexagon_SDK/3.5.2/tools/android-ndk-r19c/platforms/android-26/arch-arm64/usr/lib/liblog.so
START GROUP
LOAD android_Release_aarch64/global_interface.o
LOAD android_Release_aarch64/hexagon_nn_stub.o
LOAD android_Release_aarch64/dspCV_stub.o
LOAD /data2/xudaliang/projects/Qualcomm-environment/Hexagon_SDK/3.5.2/libs/common/remote/ship/android_Release_aarch64//libcdsprpc.so
LOAD /data2/xudaliang/projects/Qualcomm-environment/Hexagon_SDK/3.5.2/libs/common/rpcmem/android_Release_aarch64/ship/rpcmem.a
END GROUP
LOAD /data2/xudaliang/projects/Qualcomm-environment/Hexagon_SDK/3.5.2/tools/android-ndk-r19c/platforms/android-26/arch-arm64/usr/lib/libm.so
LOAD /data2/xudaliang/projects/Qualcomm-environment/Hexagon_SDK/3.5.2/tools/android-ndk-r19c/platforms/android-26/arch-arm64/usr/lib/libc.so
LOAD /data2/xudaliang/projects/Qualcomm-environment/Hexagon_SDK/3.5.2/tools/android-ndk-r19c/platforms/android-26/arch-arm64/usr/lib/libdl.so
LOAD /data2/xudaliang/projects/Qualcomm-environment/Hexagon_SDK/3.5.2/tools/android-ndk-r19c/toolchains/llvm/prebuilt/linux-x86_64/bin/../lib/gcc/aarch64-linux-android/4.9.x/libgcc.a
LOAD /data2/xudaliang/projects/Qualcomm-environment/Hexagon_SDK/3.5.2/tools/android-ndk-r19c/platforms/android-26/arch-arm64/usr/lib/libcompiler_rt-extras.a
LOAD /data2/xudaliang/projects/Qualcomm-environment/Hexagon_SDK/3.5.2/tools/android-ndk-r19c/toolchains/llvm/prebuilt/linux-x86_64/bin/../lib/gcc/aarch64-linux-android/4.9.x/libgcc_real.a
                0x0000000000000158                . = (0x0 + SIZEOF_HEADERS)

.note.gnu.build-id
 *(.note.gnu.build-id)

.hash           0x0000000000000158      0x28c
 *(.hash)
 .hash          0x0000000000000158      0x28c /data2/xudaliang/projects/Qualcomm-environment/Hexagon_SDK/3.5.2/tools/android-ndk-r19c/platforms/android-26/arch-arm64/usr/lib/liblog.so

.gnu.hash
 *(.gnu.hash)

.dynsym         0x00000000000003e8      0x8d0
 *(.dynsym)
 .dynsym        0x00000000000003e8      0x8d0 /data2/xudaliang/projects/Qualcomm-environment/Hexagon_SDK/3.5.2/tools/android-ndk-r19c/platforms/android-26/arch-arm64/usr/lib/liblog.so

.dynstr         0x0000000000000cb8      0x72b
 *(.dynstr)
 .dynstr        0x0000000000000cb8      0x72b /data2/xudaliang/projects/Qualcomm-environment/Hexagon_SDK/3.5.2/tools/android-ndk-r19c/platforms/android-26/arch-arm64/usr/lib/liblog.so

.gnu.version    0x00000000000013e4       0xbc
 *(.gnu.version)
 .gnu.version   0x00000000000013e4       0xbc /data2/xudaliang/projects/Qualcomm-environment/Hexagon_SDK/3.5.2/tools/android-ndk-r19c/platforms/android-26/arch-arm64/usr/lib/liblog.so

.gnu.version_d  0x00000000000014a0        0x0
 *(.gnu.version_d)
 .gnu.version_d
                0x00000000000014a0        0x0 /data2/xudaliang/projects/Qualcomm-environment/Hexagon_SDK/3.5.2/tools/android-ndk-r19c/platforms/android-26/arch-arm64/usr/lib/liblog.so

.gnu.version_r  0x00000000000014a0       0x20
 *(.gnu.version_r)
 .gnu.version_r
                0x00000000000014a0       0x20 /data2/xudaliang/projects/Qualcomm-environment/Hexagon_SDK/3.5.2/tools/android-ndk-r19c/platforms/android-26/arch-arm64/usr/lib/liblog.so

.rela.dyn       0x00000000000014c0     0x1548
 *(.rela.init)
 *(.rela.text .rela.text.* .rela.gnu.linkonce.t.*)
 *(.rela.fini)
 *(.rela.rodata .rela.rodata.* .rela.gnu.linkonce.r.*)
 *(.rela.data .rela.data.* .rela.gnu.linkonce.d.*)
 .rela.data.rel.ro
                0x00000000000014c0     0x14d0 /data2/xudaliang/projects/Qualcomm-environment/Hexagon_SDK/3.5.2/tools/android-ndk-r19c/platforms/android-26/arch-arm64/usr/lib/liblog.so
 *(.rela.tdata .rela.tdata.* .rela.gnu.linkonce.td.*)
 *(.rela.tbss .rela.tbss.* .rela.gnu.linkonce.tb.*)
 *(.rela.ctors)
 *(.rela.dtors)
 *(.rela.got)
 .rela.got      0x0000000000002990       0x78 /data2/xudaliang/projects/Qualcomm-environment/Hexagon_SDK/3.5.2/tools/android-ndk-r19c/platforms/android-26/arch-arm64/usr/lib/liblog.so
 *(.rela.bss .rela.bss.* .rela.gnu.linkonce.b.*)
 *(.rela.ifunc)
 .rela.ifunc    0x0000000000002a08        0x0 /data2/xudaliang/projects/Qualcomm-environment/Hexagon_SDK/3.5.2/tools/android-ndk-r19c/platforms/android-26/arch-arm64/usr/lib/liblog.so

.rela.plt       0x0000000000002a08      0x258
 *(.rela.plt)
 .rela.plt      0x0000000000002a08      0x258 /data2/xudaliang/projects/Qualcomm-environment/Hexagon_SDK/3.5.2/tools/android-ndk-r19c/platforms/android-26/arch-arm64/usr/lib/liblog.so
 *(.rela.iplt)

.init
 *(SORT(.init))

.plt            0x0000000000002c60      0x1b0
 *(.plt)
 .plt           0x0000000000002c60      0x1b0 /data2/xudaliang/projects/Qualcomm-environment/Hexagon_SDK/3.5.2/tools/android-ndk-r19c/platforms/android-26/arch-arm64/usr/lib/liblog.so
 *(.iplt)

.text           0x0000000000002e10     0x3c10
 *(.text.unlikely .text.*_unlikely .text.unlikely.*)
 *(.text.exit .text.exit.*)
 *(.text.startup .text.startup.*)
 *(.text.hot .text.hot.*)
 *(.text .stub .text.* .gnu.linkonce.t.*)
 .text          0x0000000000002e10       0x9c android_Release_aarch64/global_interface.o
                0x0000000000002e10                fastrpc_setup
                0x0000000000002e28                fastrpc_teardown
                0x0000000000002e2c                hexagon_nn_global_teardown
                0x0000000000002e50                hexagon_nn_global_init
 .text          0x0000000000002eac     0x264c android_Release_aarch64/hexagon_nn_stub.o
                0x0000000000002eac                _hexagon_nn_atomic_CompareAndExchange
                0x0000000000002ee0                _hexagon_nn_handle
                0x0000000000002f84                hexagon_nn_skel_invoke
                0x0000000000003044                hexagon_nn_config
                0x00000000000030f4                hexagon_nn_config_with_options
                0x00000000000031f0                hexagon_nn_graph_config
                0x00000000000032fc                hexagon_nn_get_dsp_offset
                0x00000000000033e0                hexagon_nn_init
                0x00000000000034b8                hexagon_nn_set_debug_level
                0x0000000000003588                hexagon_nn_snpprint
                0x0000000000003678                hexagon_nn_getlog
                0x0000000000003768                hexagon_nn_append_node
                0x000000000000388c                hexagon_nn_append_const_node
                0x00000000000039a0                hexagon_nn_append_empty_const_node
                0x0000000000003aa8                hexagon_nn_populate_const_node
                0x0000000000003ba0                hexagon_nn_prepare
                0x0000000000003c6c                hexagon_nn_execute
                0x0000000000003de8                hexagon_nn_teardown
                0x0000000000003eb4                hexagon_nn_variable_read
                0x0000000000004008                hexagon_nn_variable_write
                0x0000000000004128                hexagon_nn_variable_write_flat
                0x0000000000004220                hexagon_nn_set_powersave_level
                0x00000000000042ec                hexagon_nn_set_powersave_details
                0x00000000000043cc                hexagon_nn_get_perfinfo
                0x00000000000044d4                hexagon_nn_reset_perfinfo
                0x00000000000045a4                hexagon_nn_last_execution_cycles
                0x00000000000046a4                hexagon_nn_version
                0x000000000000477c                hexagon_nn_op_name_to_id
                0x0000000000004878                hexagon_nn_op_id_to_name
                0x0000000000004974                hexagon_nn_get_num_nodes_in_graph
                0x0000000000004a5c                hexagon_nn_disable_dcvs
                0x0000000000004b0c                hexagon_nn_GetHexagonBinaryVersion
                0x0000000000004be4                hexagon_nn_PrintLog
                0x0000000000004cbc                hexagon_nn_execute_new
                0x000000000000503c                hexagon_nn_init_with_info
                0x0000000000005130                hexagon_nn_get_nodetype
                0x0000000000005230                hexagon_nn_multi_execution_cycles
                0x0000000000005330                hexagon_nn_get_power
                0x0000000000005400                hexagon_nn_set_graph_option
 .text          0x00000000000054f8      0x4b8 android_Release_aarch64/dspCV_stub.o
                0x00000000000054f8                _dspCV_atomic_CompareAndExchange
                0x000000000000552c                _dspCV_handle
                0x00000000000055d0                dspCV_skel_invoke
                0x0000000000005690                dspCV_initQ6
                0x0000000000005740                dspCV_deinitQ6
                0x00000000000057f0                dspCV_initQ6_with_attributes
                0x00000000000058cc                dspCV_getQ6_concurrency_attributes
 .text          0x00000000000059b0     0x1070 /data2/xudaliang/projects/Qualcomm-environment/Hexagon_SDK/3.5.2/libs/common/rpcmem/android_Release_aarch64/ship/rpcmem.a(rpcmem_android.o)
                0x00000000000059b0                rpcmem_init
                0x0000000000005ab0                rpcmem_deinit
                0x0000000000005aec                rpcmem_alloc_internal
                0x00000000000066d4                rpcmem_alloc
                0x00000000000066d8                rpcmem_free_internal
                0x00000000000068fc                rpcmem_free
                0x0000000000006900                rpcmem_to_fd_internal
                0x0000000000006990                rpcmem_to_fd
 *(.gnu.warning)

.fini
 *(SORT(.fini))
                [!provide]                        PROVIDE (__etext, .)
                [!provide]                        PROVIDE (_etext, .)
                [!provide]                        PROVIDE (etext, .)

.rodata         0x0000000000006a20     0x21cc
 *(.rodata .rodata.* .gnu.linkonce.r.*)
 .rodata.cst8   0x0000000000006a20        0x8 android_Release_aarch64/global_interface.o
 *fill*         0x0000000000006a28        0x8 
 .rodata.str1.16
                0x0000000000006a30       0x20 android_Release_aarch64/global_interface.o
                                         0x12 (size before relaxing)
 .rodata.str1.4
                0x0000000000006a50       0x10 android_Release_aarch64/global_interface.o
                                          0xe (size before relaxing)
 .rodata        0x0000000000006a60      0x5c7 android_Release_aarch64/hexagon_nn_stub.o
 .rodata.str1.1
                0x0000000000007027        0xb android_Release_aarch64/hexagon_nn_stub.o
 .rodata        0x0000000000007032       0x6a android_Release_aarch64/dspCV_stub.o
 .rodata.str1.1
                0x000000000000709c        0x6 android_Release_aarch64/dspCV_stub.o
 .rodata.str1.1
                0x00000000000070a2     0x1b4a /data2/xudaliang/projects/Qualcomm-environment/Hexagon_SDK/3.5.2/libs/common/rpcmem/android_Release_aarch64/ship/rpcmem.a(rpcmem_android.o)

.rodata1
 *(.rodata1)

.eh_frame_hdr
 *(.eh_frame_hdr)
 *(.eh_frame_entry .eh_frame_entry.*)

.eh_frame
 *(.eh_frame)
 *(.eh_frame.*)

.gcc_except_table
 *(.gcc_except_table .gcc_except_table.*)

.gnu_extab
 *(.gnu_extab*)

.exception_ranges
 *(.exception_ranges .exception_ranges*)
                0x0000000000018d28                . = DATA_SEGMENT_ALIGN (0x10000, 0x1000)

.eh_frame
 *(.eh_frame)
 *(.eh_frame.*)

.gnu_extab
 *(.gnu_extab)

.gcc_except_table
 *(.gcc_except_table .gcc_except_table.*)

.exception_ranges
 *(.exception_ranges .exception_ranges*)

.tdata
 *(.tdata .tdata.* .gnu.linkonce.td.*)

.tbss
 *(.tbss .tbss.* .gnu.linkonce.tb.*)
 *(.tcommon)

.preinit_array
 *(.preinit_array)

.init_array
 *(SORT(.init_array.*) SORT(.ctors.*))
 *(.init_array EXCLUDE_FILE(*crtend?.o *crtend.o *crtbegin?.o *crtbegin.o) .ctors)

.fini_array
 *(SORT(.fini_array.*) SORT(.dtors.*))
 *(.fini_array EXCLUDE_FILE(*crtend?.o *crtend.o *crtbegin?.o *crtbegin.o) .dtors)

.ctors
 *crtbegin.o(.ctors)
 *crtbegin?.o(.ctors)
 *(EXCLUDE_FILE(*crtend?.o *crtend.o) .ctors)
 *(SORT(.ctors.*))
 *(.ctors)

.dtors
 *crtbegin.o(.dtors)
 *crtbegin?.o(.dtors)
 *(EXCLUDE_FILE(*crtend?.o *crtend.o) .dtors)
 *(SORT(.dtors.*))
 *(.dtors)

.jcr
 *(.jcr)

.data.rel.ro    0x0000000000018d28     0x10e0
 *(.data.rel.ro.local* .gnu.linkonce.d.rel.ro.local.*)
 *(.data.rel.ro .data.rel.ro.* .gnu.linkonce.d.rel.ro.*)
 .data.rel.ro   0x0000000000018d28      0xec0 android_Release_aarch64/hexagon_nn_stub.o
                0x0000000000018e48                hexagon_nn_slim
 .data.rel.ro   0x0000000000019be8      0x220 android_Release_aarch64/dspCV_stub.o
                0x0000000000019c08                dspCV_slim

.dynamic        0x0000000000019e08      0x1b0
 *(.dynamic)
 .dynamic       0x0000000000019e08      0x1b0 /data2/xudaliang/projects/Qualcomm-environment/Hexagon_SDK/3.5.2/tools/android-ndk-r19c/platforms/android-26/arch-arm64/usr/lib/liblog.so
                0x0000000000019e08                _DYNAMIC

.got            0x0000000000019fb8       0x30
 *(.got)
 .got           0x0000000000019fb8       0x30 /data2/xudaliang/projects/Qualcomm-environment/Hexagon_SDK/3.5.2/tools/android-ndk-r19c/platforms/android-26/arch-arm64/usr/lib/liblog.so
                0x0000000000019fb8                _GLOBAL_OFFSET_TABLE_
 *(.igot)
                0x0000000000019fe8                . = DATA_SEGMENT_RELRO_END (., 0x18)

.got.plt        0x0000000000019fe8       0xe0
 *(.got.plt)
 .got.plt       0x0000000000019fe8       0xe0 /data2/xudaliang/projects/Qualcomm-environment/Hexagon_SDK/3.5.2/tools/android-ndk-r19c/platforms/android-26/arch-arm64/usr/lib/liblog.so
 *(.igot.plt)

.data           0x000000000001a0c8        0x8
                [!provide]                        PROVIDE (__data_start, .)
 *(.data .data.* .gnu.linkonce.d.*)
 .data          0x000000000001a0c8        0x4 android_Release_aarch64/hexagon_nn_stub.o
 .data          0x000000000001a0cc        0x4 android_Release_aarch64/dspCV_stub.o

.data1
 *(.data1)
                0x000000000001a0d0                _edata = .
                [!provide]                        PROVIDE (edata, .)
                0x000000000001a0d0                __bss_start = .
                0x000000000001a0d0                __bss_start__ = .

.bss            0x000000000001a0d0       0x50
 *(.dynbss)
 .dynbss        0x000000000001a0d0        0x0 /data2/xudaliang/projects/Qualcomm-environment/Hexagon_SDK/3.5.2/tools/android-ndk-r19c/platforms/android-26/arch-arm64/usr/lib/liblog.so
 *(.bss .bss.* .gnu.linkonce.b.*)
 .bss           0x000000000001a0d0       0x50 /data2/xudaliang/projects/Qualcomm-environment/Hexagon_SDK/3.5.2/libs/common/rpcmem/android_Release_aarch64/ship/rpcmem.a(rpcmem_android.o)
 *(COMMON)
                0x000000000001a120                . = ALIGN ((. != 0x0)?0x8:0x1)
                0x000000000001a120                _bss_end__ = .
                0x000000000001a120                __bss_end__ = .
                0x000000000001a120                . = ALIGN (0x8)
                0x000000000001a120                . = SEGMENT_START ("ldata-segment", .)
                0x000000000001a120                . = ALIGN (0x8)
                0x000000000001a120                __end__ = .
                0x000000000001a120                _end = .
                [!provide]                        PROVIDE (end, .)
                0x000000000001a120                . = DATA_SEGMENT_END (.)

.stab
 *(.stab)

.stabstr
 *(.stabstr)

.stab.excl
 *(.stab.excl)

.stab.exclstr
 *(.stab.exclstr)

.stab.index
 *(.stab.index)

.stab.indexstr
 *(.stab.indexstr)

.comment        0x0000000000000000      0x107
 *(.comment)
 .comment       0x0000000000000000      0x107 android_Release_aarch64/global_interface.o
                                        0x108 (size before relaxing)
 .comment       0x0000000000000107      0x108 android_Release_aarch64/hexagon_nn_stub.o
 .comment       0x0000000000000107      0x108 android_Release_aarch64/dspCV_stub.o
 .comment       0x0000000000000107      0x108 /data2/xudaliang/projects/Qualcomm-environment/Hexagon_SDK/3.5.2/libs/common/rpcmem/android_Release_aarch64/ship/rpcmem.a(rpcmem_android.o)

.debug
 *(.debug)

.line
 *(.line)

.debug_srcinfo
 *(.debug_srcinfo)

.debug_sfnames
 *(.debug_sfnames)

.debug_aranges
 *(.debug_aranges)

.debug_pubnames
 *(.debug_pubnames)

.debug_info
 *(.debug_info .gnu.linkonce.wi.*)

.debug_abbrev
 *(.debug_abbrev)

.debug_line
 *(.debug_line .debug_line.* .debug_line_end)

.debug_frame
 *(.debug_frame)

.debug_str
 *(.debug_str)

.debug_loc
 *(.debug_loc)

.debug_macinfo
 *(.debug_macinfo)

.debug_weaknames
 *(.debug_weaknames)

.debug_funcnames
 *(.debug_funcnames)

.debug_typenames
 *(.debug_typenames)

.debug_varnames
 *(.debug_varnames)

.debug_pubtypes
 *(.debug_pubtypes)

.debug_ranges
 *(.debug_ranges)

.debug_macro
 *(.debug_macro)

.debug_addr
 *(.debug_addr)

.ARM.attributes
 *(.ARM.attributes)
 *(.gnu.attributes)

.note.gnu.arm.ident
 *(.note.gnu.arm.ident)

/DISCARD/
 *(.note.GNU-stack)
 *(.gnu_debuglink)
 *(.gnu.lto_*)
OUTPUT(android_Release_aarch64/libinterface.so elf64-littleaarch64)
